Component: ARM Compiler 5.06 update 7 (build 960) Tool: armlink [4d3601]

==============================================================================

Section Cross References

    startup_rvmdk.o(RESET) refers to startup_rvmdk.o(STACK) for StackMem
    startup_rvmdk.o(RESET) refers to timercmd.o(i.Timer0IntHandler) for Timer0IntHandler
    startup_rvmdk.o(RESET) refers to entry.o(.ARM.Collect$$$$00000000) for __main
    funcs.o(i.CommandLineProcess2) refers to strtok.o(.text) for strtok
    funcs.o(i.float2bcd) refers to funcs.o(i.unDec2BCD) for unDec2BCD
    timercmd.o(i.Timer0IntHandler) refers to gpio.o(i.GPIOPinRead) for GPIOPinRead
    timercmd.o(i.Timer0IntHandler) refers to gpio.o(i.GPIOPinWrite) for GPIOPinWrite
    timercmd.o(i.Timer0IntHandler) refers to timercmd.o(.data) for .data
    kentec320x240x16_ssd2119_spi.o(i.InitSPILCDInterface) refers to sysctl.o(i.SysCtlPeripheralEnable) for SysCtlPeripheralEnable
    kentec320x240x16_ssd2119_spi.o(i.InitSPILCDInterface) refers to gpio.o(i.GPIOPinTypeGPIOOutput) for GPIOPinTypeGPIOOutput
    kentec320x240x16_ssd2119_spi.o(i.InitSPILCDInterface) refers to gpio.o(i.GPIOPinConfigure) for GPIOPinConfigure
    kentec320x240x16_ssd2119_spi.o(i.InitSPILCDInterface) refers to gpio.o(i.GPIOPinTypeSSI) for GPIOPinTypeSSI
    kentec320x240x16_ssd2119_spi.o(i.InitSPILCDInterface) refers to ssi.o(i.SSIConfigSetExpClk) for SSIConfigSetExpClk
    kentec320x240x16_ssd2119_spi.o(i.InitSPILCDInterface) refers to ssi.o(i.SSIEnable) for SSIEnable
    kentec320x240x16_ssd2119_spi.o(i.InitSPILCDInterface) refers to ssi.o(i.SSIDataGetNonBlocking) for SSIDataGetNonBlocking
    kentec320x240x16_ssd2119_spi.o(i.Kentec320x240x16_SSD2119Init) refers to kentec320x240x16_ssd2119_spi.o(i.InitSPILCDInterface) for InitSPILCDInterface
    kentec320x240x16_ssd2119_spi.o(i.Kentec320x240x16_SSD2119Init) refers to gpio.o(i.GPIOPinWrite) for GPIOPinWrite
    kentec320x240x16_ssd2119_spi.o(i.Kentec320x240x16_SSD2119Init) refers to sysctl.o(.emb_text) for SysCtlDelay
    kentec320x240x16_ssd2119_spi.o(i.Kentec320x240x16_SSD2119Init) refers to kentec320x240x16_ssd2119_spi.o(i.WriteCommandSPI) for WriteCommandSPI
    kentec320x240x16_ssd2119_spi.o(i.Kentec320x240x16_SSD2119Init) refers to kentec320x240x16_ssd2119_spi.o(i.WriteDataSPI) for WriteDataSPI
    kentec320x240x16_ssd2119_spi.o(i.Kentec320x240x16_SSD2119LineDrawH) refers to kentec320x240x16_ssd2119_spi.o(i.WriteCommandSPI) for WriteCommandSPI
    kentec320x240x16_ssd2119_spi.o(i.Kentec320x240x16_SSD2119LineDrawH) refers to kentec320x240x16_ssd2119_spi.o(i.WriteDataSPI) for WriteDataSPI
    kentec320x240x16_ssd2119_spi.o(i.Kentec320x240x16_SSD2119LineDrawV) refers to kentec320x240x16_ssd2119_spi.o(i.WriteCommandSPI) for WriteCommandSPI
    kentec320x240x16_ssd2119_spi.o(i.Kentec320x240x16_SSD2119LineDrawV) refers to kentec320x240x16_ssd2119_spi.o(i.WriteDataSPI) for WriteDataSPI
    kentec320x240x16_ssd2119_spi.o(i.Kentec320x240x16_SSD2119PixelDraw) refers to kentec320x240x16_ssd2119_spi.o(i.WriteCommandSPI) for WriteCommandSPI
    kentec320x240x16_ssd2119_spi.o(i.Kentec320x240x16_SSD2119PixelDraw) refers to kentec320x240x16_ssd2119_spi.o(i.WriteDataSPI) for WriteDataSPI
    kentec320x240x16_ssd2119_spi.o(i.Kentec320x240x16_SSD2119PixelDrawMultiple) refers to kentec320x240x16_ssd2119_spi.o(i.WriteCommandSPI) for WriteCommandSPI
    kentec320x240x16_ssd2119_spi.o(i.Kentec320x240x16_SSD2119PixelDrawMultiple) refers to kentec320x240x16_ssd2119_spi.o(i.WriteDataSPI) for WriteDataSPI
    kentec320x240x16_ssd2119_spi.o(i.Kentec320x240x16_SSD2119RectFill) refers to kentec320x240x16_ssd2119_spi.o(i.WriteCommandSPI) for WriteCommandSPI
    kentec320x240x16_ssd2119_spi.o(i.Kentec320x240x16_SSD2119RectFill) refers to kentec320x240x16_ssd2119_spi.o(i.WriteDataSPI) for WriteDataSPI
    kentec320x240x16_ssd2119_spi.o(i.WriteCommandSPI) refers to gpio.o(i.GPIOPinWrite) for GPIOPinWrite
    kentec320x240x16_ssd2119_spi.o(i.WriteCommandSPI) refers to ssi.o(i.SSIDataPut) for SSIDataPut
    kentec320x240x16_ssd2119_spi.o(i.WriteCommandSPI) refers to ssi.o(i.SSIBusy) for SSIBusy
    kentec320x240x16_ssd2119_spi.o(i.WriteDataSPI) refers to gpio.o(i.GPIOPinWrite) for GPIOPinWrite
    kentec320x240x16_ssd2119_spi.o(i.WriteDataSPI) refers to ssi.o(i.SSIDataPut) for SSIDataPut
    kentec320x240x16_ssd2119_spi.o(i.WriteDataSPI) refers to ssi.o(i.SSIBusy) for SSIBusy
    kentec320x240x16_ssd2119_spi.o(.constdata) refers to kentec320x240x16_ssd2119_spi.o(i.Kentec320x240x16_SSD2119PixelDraw) for Kentec320x240x16_SSD2119PixelDraw
    kentec320x240x16_ssd2119_spi.o(.constdata) refers to kentec320x240x16_ssd2119_spi.o(i.Kentec320x240x16_SSD2119PixelDrawMultiple) for Kentec320x240x16_SSD2119PixelDrawMultiple
    kentec320x240x16_ssd2119_spi.o(.constdata) refers to kentec320x240x16_ssd2119_spi.o(i.Kentec320x240x16_SSD2119LineDrawH) for Kentec320x240x16_SSD2119LineDrawH
    kentec320x240x16_ssd2119_spi.o(.constdata) refers to kentec320x240x16_ssd2119_spi.o(i.Kentec320x240x16_SSD2119LineDrawV) for Kentec320x240x16_SSD2119LineDrawV
    kentec320x240x16_ssd2119_spi.o(.constdata) refers to kentec320x240x16_ssd2119_spi.o(i.Kentec320x240x16_SSD2119RectFill) for Kentec320x240x16_SSD2119RectFill
    kentec320x240x16_ssd2119_spi.o(.constdata) refers to kentec320x240x16_ssd2119_spi.o(i.Kentec320x240x16_SSD2119ColorTranslate) for Kentec320x240x16_SSD2119ColorTranslate
    kentec320x240x16_ssd2119_spi.o(.constdata) refers to kentec320x240x16_ssd2119_spi.o(i.Kentec320x240x16_SSD2119Flush) for Kentec320x240x16_SSD2119Flush
    ustdlib.o(i.ulocaltime) refers to ustdlib.o(.constdata) for .constdata
    ustdlib.o(i.umktime) refers to ustdlib.o(i.ulocaltime) for ulocaltime
    ustdlib.o(i.umktime) refers to ustdlib.o(i.ucmptime) for ucmptime
    ustdlib.o(i.urand) refers to ustdlib.o(.data) for .data
    ustdlib.o(i.usnprintf) refers to ustdlib.o(i.uvsnprintf) for uvsnprintf
    ustdlib.o(i.usprintf) refers to ustdlib.o(i.uvsnprintf) for uvsnprintf
    ustdlib.o(i.usrand) refers to ustdlib.o(.data) for .data
    ustdlib.o(i.ustrcasecmp) refers to ustdlib.o(i.ustrncasecmp) for ustrncasecmp
    ustdlib.o(i.ustrcmp) refers to ustdlib.o(i.ustrncmp) for ustrncmp
    ustdlib.o(i.ustrstr) refers to ustdlib.o(i.ustrlen) for ustrlen
    ustdlib.o(i.ustrstr) refers to ustdlib.o(i.ustrncmp) for ustrncmp
    ustdlib.o(i.ustrtof) refers to ustdlib.o(.constdata) for .constdata
    ustdlib.o(i.uvsnprintf) refers to ustdlib.o(i.ustrncpy) for ustrncpy
    ustdlib.o(i.uvsnprintf) refers to ustdlib.o(.constdata) for .constdata
    ustdlib.o(.constdata) refers to ustdlib.o(.conststring) for .conststring
    fontview.o(i.main) refers to fpu.o(i.FPUEnable) for FPUEnable
    fontview.o(i.main) refers to fpu.o(i.FPULazyStackingEnable) for FPULazyStackingEnable
    fontview.o(i.main) refers to gpio.o(i.GPIOPinConfigure) for GPIOPinConfigure
    fontview.o(i.main) refers to sysctl.o(i.SysCtlPeripheralEnable) for SysCtlPeripheralEnable
    fontview.o(i.main) refers to sysctl.o(i.SysCtlPeripheralReady) for SysCtlPeripheralReady
    fontview.o(i.main) refers to gpio.o(i.GPIOPinTypeGPIOOutput) for GPIOPinTypeGPIOOutput
    fontview.o(i.main) refers to printfa.o(i.__0sprintf) for __2sprintf
    fontview.o(i.main) refers to fontview.o(i.UARTSend) for UARTSend
    frame.o(i.FrameDraw) refers to context.o(i.GrContextClipRegionSet) for GrContextClipRegionSet
    frame.o(i.FrameDraw) refers to image.o(i.GrImageDraw) for GrImageDraw
    frame.o(i.FrameDraw) refers to string.o(i.GrContextFontSet) for GrContextFontSet
    frame.o(i.FrameDraw) refers to string.o(i.GrFontBaselineGet) for GrFontBaselineGet
    frame.o(i.FrameDraw) refers to string.o(i.GrStringWidthGet) for GrStringWidthGet
    frame.o(i.FrameDraw) refers to string.o(i.GrStringDraw) for GrStringDraw
    frame.o(i.FrameDraw) refers to frame.o(.constdata) for .constdata
    frame.o(i.FrameDraw) refers to fontcmss18b.o(.constdata) for g_sFontCmss18b
    gpio.o(i.GPIOIntRegister) refers to gpio.o(i._GPIOIntNumberGet) for _GPIOIntNumberGet
    gpio.o(i.GPIOIntRegister) refers to interrupt.o(i.IntRegister) for IntRegister
    gpio.o(i.GPIOIntRegister) refers to interrupt.o(i.IntEnable) for IntEnable
    gpio.o(i.GPIOIntRegisterPin) refers to gpio.o(i._GPIOIntNumberGet) for _GPIOIntNumberGet
    gpio.o(i.GPIOIntRegisterPin) refers to interrupt.o(i.IntRegister) for IntRegister
    gpio.o(i.GPIOIntRegisterPin) refers to interrupt.o(i.IntEnable) for IntEnable
    gpio.o(i.GPIOIntUnregister) refers to gpio.o(i._GPIOIntNumberGet) for _GPIOIntNumberGet
    gpio.o(i.GPIOIntUnregister) refers to interrupt.o(i.IntDisable) for IntDisable
    gpio.o(i.GPIOIntUnregister) refers to interrupt.o(i.IntUnregister) for IntUnregister
    gpio.o(i.GPIOIntUnregisterPin) refers to gpio.o(i._GPIOIntNumberGet) for _GPIOIntNumberGet
    gpio.o(i.GPIOIntUnregisterPin) refers to interrupt.o(i.IntDisable) for IntDisable
    gpio.o(i.GPIOIntUnregisterPin) refers to interrupt.o(i.IntUnregister) for IntUnregister
    gpio.o(i.GPIOPinConfigure) refers to gpio.o(.constdata) for .constdata
    gpio.o(i.GPIOPinTypeADC) refers to gpio.o(i.GPIODirModeSet) for GPIODirModeSet
    gpio.o(i.GPIOPinTypeADC) refers to gpio.o(i.GPIOPadConfigSet) for GPIOPadConfigSet
    gpio.o(i.GPIOPinTypeCAN) refers to gpio.o(i.GPIODirModeSet) for GPIODirModeSet
    gpio.o(i.GPIOPinTypeCAN) refers to gpio.o(i.GPIOPadConfigSet) for GPIOPadConfigSet
    gpio.o(i.GPIOPinTypeComparator) refers to gpio.o(i.GPIODirModeSet) for GPIODirModeSet
    gpio.o(i.GPIOPinTypeComparator) refers to gpio.o(i.GPIOPadConfigSet) for GPIOPadConfigSet
    gpio.o(i.GPIOPinTypeComparatorOutput) refers to gpio.o(i.GPIODirModeSet) for GPIODirModeSet
    gpio.o(i.GPIOPinTypeComparatorOutput) refers to gpio.o(i.GPIOPadConfigSet) for GPIOPadConfigSet
    gpio.o(i.GPIOPinTypeDIVSCLK) refers to gpio.o(i.GPIODirModeSet) for GPIODirModeSet
    gpio.o(i.GPIOPinTypeDIVSCLK) refers to gpio.o(i.GPIOPadConfigSet) for GPIOPadConfigSet
    gpio.o(i.GPIOPinTypeEPI) refers to gpio.o(i.GPIODirModeSet) for GPIODirModeSet
    gpio.o(i.GPIOPinTypeEPI) refers to gpio.o(i.GPIOPadConfigSet) for GPIOPadConfigSet
    gpio.o(i.GPIOPinTypeEthernetLED) refers to gpio.o(i.GPIODirModeSet) for GPIODirModeSet
    gpio.o(i.GPIOPinTypeEthernetLED) refers to gpio.o(i.GPIOPadConfigSet) for GPIOPadConfigSet
    gpio.o(i.GPIOPinTypeEthernetMII) refers to gpio.o(i.GPIODirModeSet) for GPIODirModeSet
    gpio.o(i.GPIOPinTypeEthernetMII) refers to gpio.o(i.GPIOPadConfigSet) for GPIOPadConfigSet
    gpio.o(i.GPIOPinTypeGPIOInput) refers to gpio.o(i.GPIODirModeSet) for GPIODirModeSet
    gpio.o(i.GPIOPinTypeGPIOInput) refers to gpio.o(i.GPIOPadConfigSet) for GPIOPadConfigSet
    gpio.o(i.GPIOPinTypeGPIOOutput) refers to gpio.o(i.GPIOPadConfigSet) for GPIOPadConfigSet
    gpio.o(i.GPIOPinTypeGPIOOutput) refers to gpio.o(i.GPIODirModeSet) for GPIODirModeSet
    gpio.o(i.GPIOPinTypeGPIOOutputOD) refers to gpio.o(i.GPIOPadConfigSet) for GPIOPadConfigSet
    gpio.o(i.GPIOPinTypeGPIOOutputOD) refers to gpio.o(i.GPIODirModeSet) for GPIODirModeSet
    gpio.o(i.GPIOPinTypeHibernateRTCCLK) refers to gpio.o(i.GPIODirModeSet) for GPIODirModeSet
    gpio.o(i.GPIOPinTypeHibernateRTCCLK) refers to gpio.o(i.GPIOPadConfigSet) for GPIOPadConfigSet
    gpio.o(i.GPIOPinTypeI2C) refers to gpio.o(i.GPIODirModeSet) for GPIODirModeSet
    gpio.o(i.GPIOPinTypeI2C) refers to gpio.o(i.GPIOPadConfigSet) for GPIOPadConfigSet
    gpio.o(i.GPIOPinTypeI2CSCL) refers to gpio.o(i.GPIODirModeSet) for GPIODirModeSet
    gpio.o(i.GPIOPinTypeI2CSCL) refers to gpio.o(i.GPIOPadConfigSet) for GPIOPadConfigSet
    gpio.o(i.GPIOPinTypeLCD) refers to gpio.o(i.GPIODirModeSet) for GPIODirModeSet
    gpio.o(i.GPIOPinTypeLCD) refers to gpio.o(i.GPIOPadConfigSet) for GPIOPadConfigSet
    gpio.o(i.GPIOPinTypeOneWire) refers to gpio.o(i.GPIODirModeSet) for GPIODirModeSet
    gpio.o(i.GPIOPinTypeOneWire) refers to gpio.o(i.GPIOPadConfigSet) for GPIOPadConfigSet
    gpio.o(i.GPIOPinTypePWM) refers to gpio.o(i.GPIODirModeSet) for GPIODirModeSet
    gpio.o(i.GPIOPinTypePWM) refers to gpio.o(i.GPIOPadConfigSet) for GPIOPadConfigSet
    gpio.o(i.GPIOPinTypeQEI) refers to gpio.o(i.GPIODirModeSet) for GPIODirModeSet
    gpio.o(i.GPIOPinTypeQEI) refers to gpio.o(i.GPIOPadConfigSet) for GPIOPadConfigSet
    gpio.o(i.GPIOPinTypeSSI) refers to gpio.o(i.GPIODirModeSet) for GPIODirModeSet
    gpio.o(i.GPIOPinTypeSSI) refers to gpio.o(i.GPIOPadConfigSet) for GPIOPadConfigSet
    gpio.o(i.GPIOPinTypeTimer) refers to gpio.o(i.GPIODirModeSet) for GPIODirModeSet
    gpio.o(i.GPIOPinTypeTimer) refers to gpio.o(i.GPIOPadConfigSet) for GPIOPadConfigSet
    gpio.o(i.GPIOPinTypeTrace) refers to gpio.o(i.GPIODirModeSet) for GPIODirModeSet
    gpio.o(i.GPIOPinTypeTrace) refers to gpio.o(i.GPIOPadConfigSet) for GPIOPadConfigSet
    gpio.o(i.GPIOPinTypeUART) refers to gpio.o(i.GPIODirModeSet) for GPIODirModeSet
    gpio.o(i.GPIOPinTypeUART) refers to gpio.o(i.GPIOPadConfigSet) for GPIOPadConfigSet
    gpio.o(i.GPIOPinTypeUSBAnalog) refers to gpio.o(i.GPIODirModeSet) for GPIODirModeSet
    gpio.o(i.GPIOPinTypeUSBAnalog) refers to gpio.o(i.GPIOPadConfigSet) for GPIOPadConfigSet
    gpio.o(i.GPIOPinTypeUSBDigital) refers to gpio.o(i.GPIODirModeSet) for GPIODirModeSet
    gpio.o(i.GPIOPinTypeUSBDigital) refers to gpio.o(i.GPIOPadConfigSet) for GPIOPadConfigSet
    gpio.o(i.GPIOPinTypeWakeHigh) refers to gpio.o(i.GPIODirModeSet) for GPIODirModeSet
    gpio.o(i.GPIOPinTypeWakeHigh) refers to gpio.o(i.GPIOPadConfigSet) for GPIOPadConfigSet
    gpio.o(i.GPIOPinTypeWakeLow) refers to gpio.o(i.GPIODirModeSet) for GPIODirModeSet
    gpio.o(i.GPIOPinTypeWakeLow) refers to gpio.o(i.GPIOPadConfigSet) for GPIOPadConfigSet
    gpio.o(i._GPIOIntNumberGet) refers to gpio.o(.constdata) for .constdata
    ssi.o(i.SSIIntRegister) refers to interrupt.o(i.IntRegister) for IntRegister
    ssi.o(i.SSIIntRegister) refers to interrupt.o(i.IntEnable) for IntEnable
    ssi.o(i.SSIIntRegister) refers to ssi.o(.constdata) for .constdata
    ssi.o(i.SSIIntUnregister) refers to interrupt.o(i.IntDisable) for IntDisable
    ssi.o(i.SSIIntUnregister) refers to interrupt.o(i.IntUnregister) for IntUnregister
    ssi.o(i.SSIIntUnregister) refers to ssi.o(.constdata) for .constdata
    sysctl.o(i.SysCtlClockFreqSet) refers to sysctl.o(.constdata) for .constdata
    sysctl.o(i.SysCtlClockGet) refers to sysctl.o(.constdata) for .constdata
    sysctl.o(i.SysCtlClockSet) refers to sysctl.o(.emb_text) for SysCtlDelay
    sysctl.o(i.SysCtlDeepSleep) refers to cpu.o(.emb_text) for CPUwfi
    sysctl.o(i.SysCtlIntRegister) refers to interrupt.o(i.IntRegister) for IntRegister
    sysctl.o(i.SysCtlIntRegister) refers to interrupt.o(i.IntEnable) for IntEnable
    sysctl.o(i.SysCtlIntUnregister) refers to interrupt.o(i.IntDisable) for IntDisable
    sysctl.o(i.SysCtlIntUnregister) refers to interrupt.o(i.IntUnregister) for IntUnregister
    sysctl.o(i.SysCtlSleep) refers to cpu.o(.emb_text) for CPUwfi
    sysctl.o(i.SysCtlVCOGet) refers to sysctl.o(.constdata) for .constdata
    context.o(i.GrContextInit) refers to context.o(.data) for .data
    context.o(i.GrContextInit) refers to string.o(i.GrDefaultStringRenderer) for GrDefaultStringRenderer
    context.o(i.GrContextInit) refers to context.o(.constdata) for .constdata
    context.o(i.GrLibInit) refers to context.o(.data) for .data
    context.o(.constdata) refers to charmap.o(i.GrMapISO8859_1_Unicode) for GrMapISO8859_1_Unicode
    fontcmss18b.o(.constdata) refers to fontcmss18b.o(.constdata) for g_pui8Cmss18bData
    image.o(i.GrImageDraw) refers to image.o(i.InternalImageDraw) for InternalImageDraw
    image.o(i.GrTransparentImageDraw) refers to image.o(i.InternalImageDraw) for InternalImageDraw
    image.o(i.InternalImageDraw) refers to image.o(i.PixelTransparentDraw) for PixelTransparentDraw
    image.o(i.InternalImageDraw) refers to image.o(.bss) for .bss
    string.o(i.GrCodepageMapTableSet) refers to string.o(i.UpdateContextCharMapping) for UpdateContextCharMapping
    string.o(i.GrContextFontSet) refers to string.o(i.UpdateContextCharMapping) for UpdateContextCharMapping
    string.o(i.GrDefaultStringRenderer) refers to string.o(i.GrFontGlyphDataGet) for GrFontGlyphDataGet
    string.o(i.GrDefaultStringRenderer) refers to string.o(i.GrFontGlyphRender) for GrFontGlyphRender
    string.o(i.GrStringCodepageSet) refers to string.o(i.UpdateContextCharMapping) for UpdateContextCharMapping
    string.o(i.GrStringGet) refers to string.o(.data) for .data
    string.o(i.GrStringLanguageSet) refers to string.o(.data) for .data
    string.o(i.GrStringTableSet) refers to string.o(.data) for .data
    string.o(i.GrStringWidthGet) refers to string.o(i.GrFontGlyphDataGet) for GrFontGlyphDataGet
    interrupt.o(i.IntDisable) refers to interrupt.o(.constdata) for .constdata
    interrupt.o(i.IntEnable) refers to interrupt.o(.constdata) for .constdata
    interrupt.o(i.IntIsEnabled) refers to interrupt.o(.constdata) for .constdata
    interrupt.o(i.IntMasterDisable) refers to cpu.o(.emb_text) for CPUcpsid
    interrupt.o(i.IntMasterEnable) refers to cpu.o(.emb_text) for CPUcpsie
    interrupt.o(i.IntPendClear) refers to interrupt.o(.constdata) for .constdata
    interrupt.o(i.IntPendSet) refers to interrupt.o(.constdata) for .constdata
    interrupt.o(i.IntPriorityGet) refers to interrupt.o(.constdata) for .constdata
    interrupt.o(i.IntPriorityGroupingGet) refers to interrupt.o(.constdata) for .constdata
    interrupt.o(i.IntPriorityGroupingSet) refers to interrupt.o(.constdata) for .constdata
    interrupt.o(i.IntPriorityMaskGet) refers to cpu.o(.emb_text) for CPUbasepriGet
    interrupt.o(i.IntPriorityMaskSet) refers to cpu.o(.emb_text) for CPUbasepriSet
    interrupt.o(i.IntPrioritySet) refers to interrupt.o(.constdata) for .constdata
    interrupt.o(i.IntRegister) refers to interrupt.o(vtable) for vtable
    interrupt.o(i.IntUnregister) refers to interrupt.o(i._IntDefaultHandler) for _IntDefaultHandler
    interrupt.o(i.IntUnregister) refers to interrupt.o(vtable) for vtable
    charmap.o(i.GrMapISO8859_10_Unicode) refers to charmap.o(.constdata) for .constdata
    charmap.o(i.GrMapISO8859_13_Unicode) refers to charmap.o(.constdata) for .constdata
    charmap.o(i.GrMapISO8859_14_Unicode) refers to charmap.o(.constdata) for .constdata
    charmap.o(i.GrMapISO8859_16_Unicode) refers to charmap.o(.constdata) for .constdata
    charmap.o(i.GrMapISO8859_2_Unicode) refers to charmap.o(.constdata) for .constdata
    charmap.o(i.GrMapISO8859_3_Unicode) refers to charmap.o(.constdata) for .constdata
    charmap.o(i.GrMapISO8859_4_Unicode) refers to charmap.o(.constdata) for .constdata
    charmap.o(i.GrMapISO8859_7_Unicode) refers to charmap.o(.constdata) for .constdata
    charmap.o(i.GrMapUTF16BE_Unicode) refers to charmap.o(i.GrMapUTF16_Unicode) for GrMapUTF16_Unicode
    charmap.o(i.GrMapUTF16LE_Unicode) refers to charmap.o(i.GrMapUTF16_Unicode) for GrMapUTF16_Unicode
    charmap.o(i.GrMapWIN1250_Unicode) refers to charmap.o(.constdata) for .constdata
    charmap.o(i.GrMapWIN1251_Unicode) refers to charmap.o(.constdata) for .constdata
    charmap.o(i.GrMapWIN1252_Unicode) refers to charmap.o(.constdata) for .constdata
    charmap.o(i.GrMapWIN1253_Unicode) refers to charmap.o(.constdata) for .constdata
    charmap.o(i.GrMapWIN1254_Unicode) refers to charmap.o(.constdata) for .constdata
    entry.o(.ARM.Collect$$$$00000000) refers (Special) to entry10a.o(.ARM.Collect$$$$0000000F) for __rt_final_cpp
    entry.o(.ARM.Collect$$$$00000000) refers (Special) to entry11a.o(.ARM.Collect$$$$00000011) for __rt_final_exit
    entry.o(.ARM.Collect$$$$00000000) refers (Special) to entry12b.o(.ARM.Collect$$$$0000000E) for __rt_lib_shutdown_fini
    entry.o(.ARM.Collect$$$$00000000) refers (Special) to entry7b.o(.ARM.Collect$$$$00000008) for _main_clock
    entry.o(.ARM.Collect$$$$00000000) refers (Special) to entry8b.o(.ARM.Collect$$$$0000000A) for _main_cpp_init
    entry.o(.ARM.Collect$$$$00000000) refers (Special) to entry9a.o(.ARM.Collect$$$$0000000B) for _main_init
    entry.o(.ARM.Collect$$$$00000000) refers (Special) to entry5.o(.ARM.Collect$$$$00000004) for _main_scatterload
    entry.o(.ARM.Collect$$$$00000000) refers (Special) to entry2.o(.ARM.Collect$$$$00000001) for _main_stk
    strtok.o(.text) refers to strtok.o(.data) for .data
    strtok_r.o(.text) refers to strtok_r.o(.data) for .data
    printfb.o(i.__0fprintf$bare) refers to printfb.o(i._printf_core) for _printf_core
    printfb.o(i.__0fprintf$bare) refers to fputc.o(i.fputc) for fputc
    printfb.o(i.__0printf$bare) refers to printfb.o(i._printf_core) for _printf_core
    printfb.o(i.__0printf$bare) refers to fputc.o(i.fputc) for fputc
    printfb.o(i.__0printf$bare) refers to stdout.o(.data) for __stdout
    printfb.o(i.__0snprintf$bare) refers to printfb.o(i._printf_core) for _printf_core
    printfb.o(i.__0snprintf$bare) refers to printfb.o(i._snputc) for _snputc
    printfb.o(i.__0sprintf$bare) refers to printfb.o(i._printf_core) for _printf_core
    printfb.o(i.__0sprintf$bare) refers to printfb.o(i._sputc) for _sputc
    printfb.o(i.__0vfprintf$bare) refers to printfb.o(i._printf_core) for _printf_core
    printfb.o(i.__0vfprintf$bare) refers to fputc.o(i.fputc) for fputc
    printfb.o(i.__0vprintf$bare) refers to printfb.o(i._printf_core) for _printf_core
    printfb.o(i.__0vprintf$bare) refers to fputc.o(i.fputc) for fputc
    printfb.o(i.__0vprintf$bare) refers to stdout.o(.data) for __stdout
    printfb.o(i.__0vsnprintf$bare) refers to printfb.o(i._printf_core) for _printf_core
    printfb.o(i.__0vsnprintf$bare) refers to printfb.o(i._snputc) for _snputc
    printfb.o(i.__0vsprintf$bare) refers to printfb.o(i._printf_core) for _printf_core
    printfb.o(i.__0vsprintf$bare) refers to printfb.o(i._sputc) for _sputc
    printf0.o(i.__0fprintf$0) refers to printf0.o(i._printf_core) for _printf_core
    printf0.o(i.__0fprintf$0) refers to fputc.o(i.fputc) for fputc
    printf0.o(i.__0printf$0) refers to printf0.o(i._printf_core) for _printf_core
    printf0.o(i.__0printf$0) refers to fputc.o(i.fputc) for fputc
    printf0.o(i.__0printf$0) refers to stdout.o(.data) for __stdout
    printf0.o(i.__0snprintf$0) refers to printf0.o(i._printf_core) for _printf_core
    printf0.o(i.__0snprintf$0) refers to printf0.o(i._snputc) for _snputc
    printf0.o(i.__0sprintf$0) refers to printf0.o(i._printf_core) for _printf_core
    printf0.o(i.__0sprintf$0) refers to printf0.o(i._sputc) for _sputc
    printf0.o(i.__0vfprintf$0) refers to printf0.o(i._printf_core) for _printf_core
    printf0.o(i.__0vfprintf$0) refers to fputc.o(i.fputc) for fputc
    printf0.o(i.__0vprintf$0) refers to printf0.o(i._printf_core) for _printf_core
    printf0.o(i.__0vprintf$0) refers to fputc.o(i.fputc) for fputc
    printf0.o(i.__0vprintf$0) refers to stdout.o(.data) for __stdout
    printf0.o(i.__0vsnprintf$0) refers to printf0.o(i._printf_core) for _printf_core
    printf0.o(i.__0vsnprintf$0) refers to printf0.o(i._snputc) for _snputc
    printf0.o(i.__0vsprintf$0) refers to printf0.o(i._printf_core) for _printf_core
    printf0.o(i.__0vsprintf$0) refers to printf0.o(i._sputc) for _sputc
    printf1.o(i.__0fprintf$1) refers to printf1.o(i._printf_core) for _printf_core
    printf1.o(i.__0fprintf$1) refers to fputc.o(i.fputc) for fputc
    printf1.o(i.__0printf$1) refers to printf1.o(i._printf_core) for _printf_core
    printf1.o(i.__0printf$1) refers to fputc.o(i.fputc) for fputc
    printf1.o(i.__0printf$1) refers to stdout.o(.data) for __stdout
    printf1.o(i.__0snprintf$1) refers to printf1.o(i._printf_core) for _printf_core
    printf1.o(i.__0snprintf$1) refers to printf1.o(i._snputc) for _snputc
    printf1.o(i.__0sprintf$1) refers to printf1.o(i._printf_core) for _printf_core
    printf1.o(i.__0sprintf$1) refers to printf1.o(i._sputc) for _sputc
    printf1.o(i.__0vfprintf$1) refers to printf1.o(i._printf_core) for _printf_core
    printf1.o(i.__0vfprintf$1) refers to fputc.o(i.fputc) for fputc
    printf1.o(i.__0vprintf$1) refers to printf1.o(i._printf_core) for _printf_core
    printf1.o(i.__0vprintf$1) refers to fputc.o(i.fputc) for fputc
    printf1.o(i.__0vprintf$1) refers to stdout.o(.data) for __stdout
    printf1.o(i.__0vsnprintf$1) refers to printf1.o(i._printf_core) for _printf_core
    printf1.o(i.__0vsnprintf$1) refers to printf1.o(i._snputc) for _snputc
    printf1.o(i.__0vsprintf$1) refers to printf1.o(i._printf_core) for _printf_core
    printf1.o(i.__0vsprintf$1) refers to printf1.o(i._sputc) for _sputc
    printf1.o(i._printf_core) refers to uidiv.o(.text) for __aeabi_uidivmod
    printf2.o(i.__0fprintf$2) refers to printf2.o(i._printf_core) for _printf_core
    printf2.o(i.__0fprintf$2) refers to fputc.o(i.fputc) for fputc
    printf2.o(i.__0printf$2) refers to printf2.o(i._printf_core) for _printf_core
    printf2.o(i.__0printf$2) refers to fputc.o(i.fputc) for fputc
    printf2.o(i.__0printf$2) refers to stdout.o(.data) for __stdout
    printf2.o(i.__0snprintf$2) refers to printf2.o(i._printf_core) for _printf_core
    printf2.o(i.__0snprintf$2) refers to printf2.o(i._snputc) for _snputc
    printf2.o(i.__0sprintf$2) refers to printf2.o(i._printf_core) for _printf_core
    printf2.o(i.__0sprintf$2) refers to printf2.o(i._sputc) for _sputc
    printf2.o(i.__0vfprintf$2) refers to printf2.o(i._printf_core) for _printf_core
    printf2.o(i.__0vfprintf$2) refers to fputc.o(i.fputc) for fputc
    printf2.o(i.__0vprintf$2) refers to printf2.o(i._printf_core) for _printf_core
    printf2.o(i.__0vprintf$2) refers to fputc.o(i.fputc) for fputc
    printf2.o(i.__0vprintf$2) refers to stdout.o(.data) for __stdout
    printf2.o(i.__0vsnprintf$2) refers to printf2.o(i._printf_core) for _printf_core
    printf2.o(i.__0vsnprintf$2) refers to printf2.o(i._snputc) for _snputc
    printf2.o(i.__0vsprintf$2) refers to printf2.o(i._printf_core) for _printf_core
    printf2.o(i.__0vsprintf$2) refers to printf2.o(i._sputc) for _sputc
    printf3.o(i.__0fprintf$3) refers to printf3.o(i._printf_core) for _printf_core
    printf3.o(i.__0fprintf$3) refers to fputc.o(i.fputc) for fputc
    printf3.o(i.__0printf$3) refers to printf3.o(i._printf_core) for _printf_core
    printf3.o(i.__0printf$3) refers to fputc.o(i.fputc) for fputc
    printf3.o(i.__0printf$3) refers to stdout.o(.data) for __stdout
    printf3.o(i.__0snprintf$3) refers to printf3.o(i._printf_core) for _printf_core
    printf3.o(i.__0snprintf$3) refers to printf3.o(i._snputc) for _snputc
    printf3.o(i.__0sprintf$3) refers to printf3.o(i._printf_core) for _printf_core
    printf3.o(i.__0sprintf$3) refers to printf3.o(i._sputc) for _sputc
    printf3.o(i.__0vfprintf$3) refers to printf3.o(i._printf_core) for _printf_core
    printf3.o(i.__0vfprintf$3) refers to fputc.o(i.fputc) for fputc
    printf3.o(i.__0vprintf$3) refers to printf3.o(i._printf_core) for _printf_core
    printf3.o(i.__0vprintf$3) refers to fputc.o(i.fputc) for fputc
    printf3.o(i.__0vprintf$3) refers to stdout.o(.data) for __stdout
    printf3.o(i.__0vsnprintf$3) refers to printf3.o(i._printf_core) for _printf_core
    printf3.o(i.__0vsnprintf$3) refers to printf3.o(i._snputc) for _snputc
    printf3.o(i.__0vsprintf$3) refers to printf3.o(i._printf_core) for _printf_core
    printf3.o(i.__0vsprintf$3) refers to printf3.o(i._sputc) for _sputc
    printf3.o(i._printf_core) refers to uidiv.o(.text) for __aeabi_uidivmod
    printf4.o(i.__0fprintf$4) refers to printf4.o(i._printf_core) for _printf_core
    printf4.o(i.__0fprintf$4) refers to fputc.o(i.fputc) for fputc
    printf4.o(i.__0printf$4) refers to printf4.o(i._printf_core) for _printf_core
    printf4.o(i.__0printf$4) refers to fputc.o(i.fputc) for fputc
    printf4.o(i.__0printf$4) refers to stdout.o(.data) for __stdout
    printf4.o(i.__0snprintf$4) refers to printf4.o(i._printf_core) for _printf_core
    printf4.o(i.__0snprintf$4) refers to printf4.o(i._snputc) for _snputc
    printf4.o(i.__0sprintf$4) refers to printf4.o(i._printf_core) for _printf_core
    printf4.o(i.__0sprintf$4) refers to printf4.o(i._sputc) for _sputc
    printf4.o(i.__0vfprintf$4) refers to printf4.o(i._printf_core) for _printf_core
    printf4.o(i.__0vfprintf$4) refers to fputc.o(i.fputc) for fputc
    printf4.o(i.__0vprintf$4) refers to printf4.o(i._printf_core) for _printf_core
    printf4.o(i.__0vprintf$4) refers to fputc.o(i.fputc) for fputc
    printf4.o(i.__0vprintf$4) refers to stdout.o(.data) for __stdout
    printf4.o(i.__0vsnprintf$4) refers to printf4.o(i._printf_core) for _printf_core
    printf4.o(i.__0vsnprintf$4) refers to printf4.o(i._snputc) for _snputc
    printf4.o(i.__0vsprintf$4) refers to printf4.o(i._printf_core) for _printf_core
    printf4.o(i.__0vsprintf$4) refers to printf4.o(i._sputc) for _sputc
    printf4.o(i._printf_core) refers to uldiv.o(.text) for __aeabi_uldivmod
    printf5.o(i.__0fprintf$5) refers to printf5.o(i._printf_core) for _printf_core
    printf5.o(i.__0fprintf$5) refers to fputc.o(i.fputc) for fputc
    printf5.o(i.__0printf$5) refers to printf5.o(i._printf_core) for _printf_core
    printf5.o(i.__0printf$5) refers to fputc.o(i.fputc) for fputc
    printf5.o(i.__0printf$5) refers to stdout.o(.data) for __stdout
    printf5.o(i.__0snprintf$5) refers to printf5.o(i._printf_core) for _printf_core
    printf5.o(i.__0snprintf$5) refers to printf5.o(i._snputc) for _snputc
    printf5.o(i.__0sprintf$5) refers to printf5.o(i._printf_core) for _printf_core
    printf5.o(i.__0sprintf$5) refers to printf5.o(i._sputc) for _sputc
    printf5.o(i.__0vfprintf$5) refers to printf5.o(i._printf_core) for _printf_core
    printf5.o(i.__0vfprintf$5) refers to fputc.o(i.fputc) for fputc
    printf5.o(i.__0vprintf$5) refers to printf5.o(i._printf_core) for _printf_core
    printf5.o(i.__0vprintf$5) refers to fputc.o(i.fputc) for fputc
    printf5.o(i.__0vprintf$5) refers to stdout.o(.data) for __stdout
    printf5.o(i.__0vsnprintf$5) refers to printf5.o(i._printf_core) for _printf_core
    printf5.o(i.__0vsnprintf$5) refers to printf5.o(i._snputc) for _snputc
    printf5.o(i.__0vsprintf$5) refers to printf5.o(i._printf_core) for _printf_core
    printf5.o(i.__0vsprintf$5) refers to printf5.o(i._sputc) for _sputc
    printf5.o(i._printf_core) refers to uldiv.o(.text) for __aeabi_uldivmod
    printf6.o(i.__0fprintf$6) refers to printf6.o(i._printf_core) for _printf_core
    printf6.o(i.__0fprintf$6) refers to fputc.o(i.fputc) for fputc
    printf6.o(i.__0printf$6) refers to printf6.o(i._printf_core) for _printf_core
    printf6.o(i.__0printf$6) refers to fputc.o(i.fputc) for fputc
    printf6.o(i.__0printf$6) refers to stdout.o(.data) for __stdout
    printf6.o(i.__0snprintf$6) refers to printf6.o(i._printf_core) for _printf_core
    printf6.o(i.__0snprintf$6) refers to printf6.o(i._snputc) for _snputc
    printf6.o(i.__0sprintf$6) refers to printf6.o(i._printf_core) for _printf_core
    printf6.o(i.__0sprintf$6) refers to printf6.o(i._sputc) for _sputc
    printf6.o(i.__0vfprintf$6) refers to printf6.o(i._printf_core) for _printf_core
    printf6.o(i.__0vfprintf$6) refers to fputc.o(i.fputc) for fputc
    printf6.o(i.__0vprintf$6) refers to printf6.o(i._printf_core) for _printf_core
    printf6.o(i.__0vprintf$6) refers to fputc.o(i.fputc) for fputc
    printf6.o(i.__0vprintf$6) refers to stdout.o(.data) for __stdout
    printf6.o(i.__0vsnprintf$6) refers to printf6.o(i._printf_core) for _printf_core
    printf6.o(i.__0vsnprintf$6) refers to printf6.o(i._snputc) for _snputc
    printf6.o(i.__0vsprintf$6) refers to printf6.o(i._printf_core) for _printf_core
    printf6.o(i.__0vsprintf$6) refers to printf6.o(i._sputc) for _sputc
    printf6.o(i._printf_core) refers to printf6.o(i._printf_pre_padding) for _printf_pre_padding
    printf6.o(i._printf_core) refers to uidiv.o(.text) for __aeabi_uidivmod
    printf6.o(i._printf_core) refers to printf6.o(i._printf_post_padding) for _printf_post_padding
    printf7.o(i.__0fprintf$7) refers to printf7.o(i._printf_core) for _printf_core
    printf7.o(i.__0fprintf$7) refers to fputc.o(i.fputc) for fputc
    printf7.o(i.__0printf$7) refers to printf7.o(i._printf_core) for _printf_core
    printf7.o(i.__0printf$7) refers to fputc.o(i.fputc) for fputc
    printf7.o(i.__0printf$7) refers to stdout.o(.data) for __stdout
    printf7.o(i.__0snprintf$7) refers to printf7.o(i._printf_core) for _printf_core
    printf7.o(i.__0snprintf$7) refers to printf7.o(i._snputc) for _snputc
    printf7.o(i.__0sprintf$7) refers to printf7.o(i._printf_core) for _printf_core
    printf7.o(i.__0sprintf$7) refers to printf7.o(i._sputc) for _sputc
    printf7.o(i.__0vfprintf$7) refers to printf7.o(i._printf_core) for _printf_core
    printf7.o(i.__0vfprintf$7) refers to fputc.o(i.fputc) for fputc
    printf7.o(i.__0vprintf$7) refers to printf7.o(i._printf_core) for _printf_core
    printf7.o(i.__0vprintf$7) refers to fputc.o(i.fputc) for fputc
    printf7.o(i.__0vprintf$7) refers to stdout.o(.data) for __stdout
    printf7.o(i.__0vsnprintf$7) refers to printf7.o(i._printf_core) for _printf_core
    printf7.o(i.__0vsnprintf$7) refers to printf7.o(i._snputc) for _snputc
    printf7.o(i.__0vsprintf$7) refers to printf7.o(i._printf_core) for _printf_core
    printf7.o(i.__0vsprintf$7) refers to printf7.o(i._sputc) for _sputc
    printf7.o(i._printf_core) refers to printf7.o(i._printf_pre_padding) for _printf_pre_padding
    printf7.o(i._printf_core) refers to uldiv.o(.text) for __aeabi_uldivmod
    printf7.o(i._printf_core) refers to printf7.o(i._printf_post_padding) for _printf_post_padding
    printf8.o(i.__0fprintf$8) refers to printf8.o(i._printf_core) for _printf_core
    printf8.o(i.__0fprintf$8) refers to fputc.o(i.fputc) for fputc
    printf8.o(i.__0printf$8) refers to printf8.o(i._printf_core) for _printf_core
    printf8.o(i.__0printf$8) refers to fputc.o(i.fputc) for fputc
    printf8.o(i.__0printf$8) refers to stdout.o(.data) for __stdout
    printf8.o(i.__0snprintf$8) refers to printf8.o(i._printf_core) for _printf_core
    printf8.o(i.__0snprintf$8) refers to printf8.o(i._snputc) for _snputc
    printf8.o(i.__0sprintf$8) refers to printf8.o(i._printf_core) for _printf_core
    printf8.o(i.__0sprintf$8) refers to printf8.o(i._sputc) for _sputc
    printf8.o(i.__0vfprintf$8) refers to printf8.o(i._printf_core) for _printf_core
    printf8.o(i.__0vfprintf$8) refers to fputc.o(i.fputc) for fputc
    printf8.o(i.__0vprintf$8) refers to printf8.o(i._printf_core) for _printf_core
    printf8.o(i.__0vprintf$8) refers to fputc.o(i.fputc) for fputc
    printf8.o(i.__0vprintf$8) refers to stdout.o(.data) for __stdout
    printf8.o(i.__0vsnprintf$8) refers to printf8.o(i._printf_core) for _printf_core
    printf8.o(i.__0vsnprintf$8) refers to printf8.o(i._snputc) for _snputc
    printf8.o(i.__0vsprintf$8) refers to printf8.o(i._printf_core) for _printf_core
    printf8.o(i.__0vsprintf$8) refers to printf8.o(i._sputc) for _sputc
    printf8.o(i._printf_core) refers to printf8.o(i._printf_pre_padding) for _printf_pre_padding
    printf8.o(i._printf_core) refers to uldiv.o(.text) for __aeabi_uldivmod
    printf8.o(i._printf_core) refers to printf8.o(i._printf_post_padding) for _printf_post_padding
    printfa.o(i.__0fprintf) refers (Special) to iusefp.o(.text) for __I$use$fp
    printfa.o(i.__0fprintf) refers to printfa.o(i._printf_core) for _printf_core
    printfa.o(i.__0fprintf) refers to fputc.o(i.fputc) for fputc
    printfa.o(i.__0printf) refers (Special) to iusefp.o(.text) for __I$use$fp
    printfa.o(i.__0printf) refers to printfa.o(i._printf_core) for _printf_core
    printfa.o(i.__0printf) refers to fputc.o(i.fputc) for fputc
    printfa.o(i.__0printf) refers to stdout.o(.data) for __stdout
    printfa.o(i.__0snprintf) refers (Special) to iusefp.o(.text) for __I$use$fp
    printfa.o(i.__0snprintf) refers to printfa.o(i._printf_core) for _printf_core
    printfa.o(i.__0snprintf) refers to printfa.o(i._snputc) for _snputc
    printfa.o(i.__0sprintf) refers (Special) to iusefp.o(.text) for __I$use$fp
    printfa.o(i.__0sprintf) refers to printfa.o(i._printf_core) for _printf_core
    printfa.o(i.__0sprintf) refers to printfa.o(i._sputc) for _sputc
    printfa.o(i.__0vfprintf) refers (Special) to iusefp.o(.text) for __I$use$fp
    printfa.o(i.__0vfprintf) refers to printfa.o(i._printf_core) for _printf_core
    printfa.o(i.__0vfprintf) refers to fputc.o(i.fputc) for fputc
    printfa.o(i.__0vprintf) refers (Special) to iusefp.o(.text) for __I$use$fp
    printfa.o(i.__0vprintf) refers to printfa.o(i._printf_core) for _printf_core
    printfa.o(i.__0vprintf) refers to fputc.o(i.fputc) for fputc
    printfa.o(i.__0vprintf) refers to stdout.o(.data) for __stdout
    printfa.o(i.__0vsnprintf) refers (Special) to iusefp.o(.text) for __I$use$fp
    printfa.o(i.__0vsnprintf) refers to printfa.o(i._printf_core) for _printf_core
    printfa.o(i.__0vsnprintf) refers to printfa.o(i._snputc) for _snputc
    printfa.o(i.__0vsprintf) refers (Special) to iusefp.o(.text) for __I$use$fp
    printfa.o(i.__0vsprintf) refers to printfa.o(i._printf_core) for _printf_core
    printfa.o(i.__0vsprintf) refers to printfa.o(i._sputc) for _sputc
    printfa.o(i._fp_digits) refers (Special) to iusefp.o(.text) for __I$use$fp
    printfa.o(i._fp_digits) refers to dmul.o(.text) for __aeabi_dmul
    printfa.o(i._fp_digits) refers to ddiv.o(.text) for __aeabi_ddiv
    printfa.o(i._fp_digits) refers to cdrcmple.o(.text) for __aeabi_cdrcmple
    printfa.o(i._fp_digits) refers to dadd.o(.text) for __aeabi_dadd
    printfa.o(i._fp_digits) refers to dfixul.o(.text) for __aeabi_d2ulz
    printfa.o(i._fp_digits) refers to uldiv.o(.text) for __aeabi_uldivmod
    printfa.o(i._printf_core) refers (Special) to iusefp.o(.text) for __I$use$fp
    printfa.o(i._printf_core) refers to printfa.o(i._printf_pre_padding) for _printf_pre_padding
    printfa.o(i._printf_core) refers to uldiv.o(.text) for __aeabi_uldivmod
    printfa.o(i._printf_core) refers to printfa.o(i._printf_post_padding) for _printf_post_padding
    printfa.o(i._printf_core) refers to printfa.o(i._fp_digits) for _fp_digits
    printfa.o(i._printf_core) refers to uidiv.o(.text) for __aeabi_uidivmod
    printfa.o(i._printf_post_padding) refers (Special) to iusefp.o(.text) for __I$use$fp
    printfa.o(i._printf_pre_padding) refers (Special) to iusefp.o(.text) for __I$use$fp
    printfa.o(i._snputc) refers (Special) to iusefp.o(.text) for __I$use$fp
    printfa.o(i._sputc) refers (Special) to iusefp.o(.text) for __I$use$fp
    entry2.o(.ARM.Collect$$$$00000001) refers to entry2.o(.ARM.Collect$$$$00002712) for __lit__00000000
    entry2.o(.ARM.Collect$$$$00002712) refers to startup_rvmdk.o(STACK) for __initial_sp
    entry2.o(__vectab_stack_and_reset_area) refers to startup_rvmdk.o(STACK) for __initial_sp
    entry2.o(__vectab_stack_and_reset_area) refers to entry.o(.ARM.Collect$$$$00000000) for __main
    entry5.o(.ARM.Collect$$$$00000004) refers to init.o(.text) for __scatterload
    entry9a.o(.ARM.Collect$$$$0000000B) refers to fontview.o(i.main) for main
    entry9b.o(.ARM.Collect$$$$0000000C) refers to fontview.o(i.main) for main
    fputc.o(i.fputc) refers (Special) to iusesemip.o(.text) for __I$use$semihosting$fputc
    fputc.o(i.fputc) refers (Special) to semi.o(.text) for __semihosting_library_function
    uldiv.o(.text) refers to llushr.o(.text) for __aeabi_llsr
    uldiv.o(.text) refers to llshl.o(.text) for __aeabi_llsl
    dadd.o(.text) refers to llshl.o(.text) for __aeabi_llsl
    dadd.o(.text) refers to llsshr.o(.text) for __aeabi_lasr
    dadd.o(.text) refers to depilogue.o(.text) for _double_epilogue
    dmul.o(.text) refers to depilogue.o(.text) for _double_epilogue
    ddiv.o(.text) refers to depilogue.o(.text) for _double_round
    dfixul.o(.text) refers to llushr.o(.text) for __aeabi_llsr
    dfixul.o(.text) refers to llshl.o(.text) for __aeabi_llsl
    init.o(.text) refers to entry5.o(.ARM.Collect$$$$00000004) for __main_after_scatterload
    depilogue.o(.text) refers to llshl.o(.text) for __aeabi_llsl
    depilogue.o(.text) refers to llushr.o(.text) for __aeabi_llsr


==============================================================================

Removing Unused input sections from the image.

    Removing startup_rvmdk.o(HEAP), (0 bytes).
    Removing startup_rvmdk.o(.text), (0 bytes).
    Removing funcs.o(i.CommandLineProcess), (108 bytes).
    Removing funcs.o(i.CommandLineProcess2), (56 bytes).
    Removing funcs.o(i.RemoveExtraSpace), (60 bytes).
    Removing funcs.o(i.float2bcd), (108 bytes).
    Removing funcs.o(i.unDec2BCD), (52 bytes).
    Removing kentec320x240x16_ssd2119_spi.o(i.InitSPILCDInterface), (216 bytes).
    Removing kentec320x240x16_ssd2119_spi.o(i.Kentec320x240x16_SSD2119ColorTranslate), (26 bytes).
    Removing kentec320x240x16_ssd2119_spi.o(i.Kentec320x240x16_SSD2119Flush), (2 bytes).
    Removing kentec320x240x16_ssd2119_spi.o(i.Kentec320x240x16_SSD2119Init), (476 bytes).
    Removing kentec320x240x16_ssd2119_spi.o(i.Kentec320x240x16_SSD2119LineDrawH), (86 bytes).
    Removing kentec320x240x16_ssd2119_spi.o(i.Kentec320x240x16_SSD2119LineDrawV), (86 bytes).
    Removing kentec320x240x16_ssd2119_spi.o(i.Kentec320x240x16_SSD2119PixelDraw), (58 bytes).
    Removing kentec320x240x16_ssd2119_spi.o(i.Kentec320x240x16_SSD2119PixelDrawMultiple), (306 bytes).
    Removing kentec320x240x16_ssd2119_spi.o(i.Kentec320x240x16_SSD2119RectFill), (220 bytes).
    Removing kentec320x240x16_ssd2119_spi.o(i.WriteCommandSPI), (76 bytes).
    Removing kentec320x240x16_ssd2119_spi.o(i.WriteDataSPI), (76 bytes).
    Removing kentec320x240x16_ssd2119_spi.o(.constdata), (40 bytes).
    Removing ustdlib.o(i.ucmptime), (82 bytes).
    Removing ustdlib.o(i.ulocaltime), (164 bytes).
    Removing ustdlib.o(i.umktime), (58 bytes).
    Removing ustdlib.o(i.urand), (28 bytes).
    Removing ustdlib.o(i.usnprintf), (18 bytes).
    Removing ustdlib.o(i.usprintf), (22 bytes).
    Removing ustdlib.o(i.usrand), (12 bytes).
    Removing ustdlib.o(i.ustrcasecmp), (8 bytes).
    Removing ustdlib.o(i.ustrcmp), (8 bytes).
    Removing ustdlib.o(i.ustrlen), (16 bytes).
    Removing ustdlib.o(i.ustrncasecmp), (70 bytes).
    Removing ustdlib.o(i.ustrncmp), (46 bytes).
    Removing ustdlib.o(i.ustrncpy), (36 bytes).
    Removing ustdlib.o(i.ustrstr), (42 bytes).
    Removing ustdlib.o(i.ustrtof), (316 bytes).
    Removing ustdlib.o(i.ustrtoul), (158 bytes).
    Removing ustdlib.o(i.uvsnprintf), (592 bytes).
    Removing ustdlib.o(.constdata), (76 bytes).
    Removing ustdlib.o(.conststring), (17 bytes).
    Removing ustdlib.o(.data), (4 bytes).
    Removing frame.o(i.FrameDraw), (528 bytes).
    Removing frame.o(.constdata), (12507 bytes).
    Removing fpu.o(i.FPUDisable), (16 bytes).
    Removing fpu.o(i.FPUFlushToZeroModeSet), (20 bytes).
    Removing fpu.o(i.FPUHalfPrecisionModeSet), (20 bytes).
    Removing fpu.o(i.FPUNaNModeSet), (20 bytes).
    Removing fpu.o(i.FPURoundingModeSet), (20 bytes).
    Removing fpu.o(i.FPUStackingDisable), (16 bytes).
    Removing fpu.o(i.FPUStackingEnable), (20 bytes).
    Removing gpio.o(i.GPIOADCTriggerDisable), (14 bytes).
    Removing gpio.o(i.GPIOADCTriggerEnable), (12 bytes).
    Removing gpio.o(i.GPIODMATriggerDisable), (14 bytes).
    Removing gpio.o(i.GPIODMATriggerEnable), (12 bytes).
    Removing gpio.o(i.GPIODirModeGet), (34 bytes).
    Removing gpio.o(i.GPIOIntClear), (6 bytes).
    Removing gpio.o(i.GPIOIntDisable), (14 bytes).
    Removing gpio.o(i.GPIOIntEnable), (12 bytes).
    Removing gpio.o(i.GPIOIntRegister), (26 bytes).
    Removing gpio.o(i.GPIOIntRegisterPin), (30 bytes).
    Removing gpio.o(i.GPIOIntStatus), (14 bytes).
    Removing gpio.o(i.GPIOIntTypeGet), (68 bytes).
    Removing gpio.o(i.GPIOIntTypeSet), (80 bytes).
    Removing gpio.o(i.GPIOIntUnregister), (22 bytes).
    Removing gpio.o(i.GPIOIntUnregisterPin), (26 bytes).
    Removing gpio.o(i.GPIOPadConfigGet), (204 bytes).
    Removing gpio.o(i.GPIOPinTypeADC), (28 bytes).
    Removing gpio.o(i.GPIOPinTypeCAN), (28 bytes).
    Removing gpio.o(i.GPIOPinTypeComparator), (28 bytes).
    Removing gpio.o(i.GPIOPinTypeComparatorOutput), (28 bytes).
    Removing gpio.o(i.GPIOPinTypeDIVSCLK), (28 bytes).
    Removing gpio.o(i.GPIOPinTypeEPI), (28 bytes).
    Removing gpio.o(i.GPIOPinTypeEthernetLED), (28 bytes).
    Removing gpio.o(i.GPIOPinTypeEthernetMII), (28 bytes).
    Removing gpio.o(i.GPIOPinTypeGPIOInput), (28 bytes).
    Removing gpio.o(i.GPIOPinTypeGPIOOutputOD), (28 bytes).
    Removing gpio.o(i.GPIOPinTypeHibernateRTCCLK), (28 bytes).
    Removing gpio.o(i.GPIOPinTypeI2C), (28 bytes).
    Removing gpio.o(i.GPIOPinTypeI2CSCL), (28 bytes).
    Removing gpio.o(i.GPIOPinTypeLCD), (28 bytes).
    Removing gpio.o(i.GPIOPinTypeOneWire), (28 bytes).
    Removing gpio.o(i.GPIOPinTypePWM), (28 bytes).
    Removing gpio.o(i.GPIOPinTypeQEI), (28 bytes).
    Removing gpio.o(i.GPIOPinTypeSSI), (28 bytes).
    Removing gpio.o(i.GPIOPinTypeTimer), (28 bytes).
    Removing gpio.o(i.GPIOPinTypeTrace), (28 bytes).
    Removing gpio.o(i.GPIOPinTypeUART), (28 bytes).
    Removing gpio.o(i.GPIOPinTypeUSBAnalog), (28 bytes).
    Removing gpio.o(i.GPIOPinTypeUSBDigital), (28 bytes).
    Removing gpio.o(i.GPIOPinTypeWakeHigh), (30 bytes).
    Removing gpio.o(i.GPIOPinTypeWakeLow), (30 bytes).
    Removing gpio.o(i.GPIOPinWakeStatus), (6 bytes).
    Removing gpio.o(i._GPIOIntNumberGet), (80 bytes).
    Removing ssi.o(i.SSIAdvDataPutFrameEnd), (20 bytes).
    Removing ssi.o(i.SSIAdvDataPutFrameEndNonBlocking), (26 bytes).
    Removing ssi.o(i.SSIAdvFrameHoldDisable), (10 bytes).
    Removing ssi.o(i.SSIAdvFrameHoldEnable), (10 bytes).
    Removing ssi.o(i.SSIAdvModeSet), (12 bytes).
    Removing ssi.o(i.SSIBusy), (8 bytes).
    Removing ssi.o(i.SSIClockSourceGet), (6 bytes).
    Removing ssi.o(i.SSIClockSourceSet), (6 bytes).
    Removing ssi.o(i.SSIConfigSetExpClk), (58 bytes).
    Removing ssi.o(i.SSIDMADisable), (10 bytes).
    Removing ssi.o(i.SSIDMAEnable), (8 bytes).
    Removing ssi.o(i.SSIDataGet), (14 bytes).
    Removing ssi.o(i.SSIDataGetNonBlocking), (20 bytes).
    Removing ssi.o(i.SSIDataPut), (12 bytes).
    Removing ssi.o(i.SSIDataPutNonBlocking), (16 bytes).
    Removing ssi.o(i.SSIDisable), (10 bytes).
    Removing ssi.o(i.SSIEnable), (10 bytes).
    Removing ssi.o(i.SSIIntClear), (4 bytes).
    Removing ssi.o(i.SSIIntDisable), (10 bytes).
    Removing ssi.o(i.SSIIntEnable), (8 bytes).
    Removing ssi.o(i.SSIIntRegister), (88 bytes).
    Removing ssi.o(i.SSIIntStatus), (10 bytes).
    Removing ssi.o(i.SSIIntUnregister), (88 bytes).
    Removing ssi.o(.constdata), (64 bytes).
    Removing sysctl.o(.emb_text), (6 bytes).
    Removing sysctl.o(i.SysCtlAltClkConfig), (12 bytes).
    Removing sysctl.o(i.SysCtlClockFreqSet), (740 bytes).
    Removing sysctl.o(i.SysCtlClockGet), (340 bytes).
    Removing sysctl.o(i.SysCtlClockOutConfig), (20 bytes).
    Removing sysctl.o(i.SysCtlClockSet), (288 bytes).
    Removing sysctl.o(i.SysCtlDeepSleep), (32 bytes).
    Removing sysctl.o(i.SysCtlDeepSleepClockConfigSet), (112 bytes).
    Removing sysctl.o(i.SysCtlDeepSleepClockSet), (12 bytes).
    Removing sysctl.o(i.SysCtlDeepSleepPowerSet), (12 bytes).
    Removing sysctl.o(i.SysCtlFlashSectorSizeGet), (56 bytes).
    Removing sysctl.o(i.SysCtlFlashSizeGet), (56 bytes).
    Removing sysctl.o(i.SysCtlGPIOAHBDisable), (28 bytes).
    Removing sysctl.o(i.SysCtlGPIOAHBEnable), (24 bytes).
    Removing sysctl.o(i.SysCtlIntClear), (12 bytes).
    Removing sysctl.o(i.SysCtlIntDisable), (16 bytes).
    Removing sysctl.o(i.SysCtlIntEnable), (16 bytes).
    Removing sysctl.o(i.SysCtlIntRegister), (20 bytes).
    Removing sysctl.o(i.SysCtlIntStatus), (16 bytes).
    Removing sysctl.o(i.SysCtlIntUnregister), (18 bytes).
    Removing sysctl.o(i.SysCtlLDODeepSleepGet), (12 bytes).
    Removing sysctl.o(i.SysCtlLDODeepSleepSet), (12 bytes).
    Removing sysctl.o(i.SysCtlLDOSleepGet), (12 bytes).
    Removing sysctl.o(i.SysCtlLDOSleepSet), (12 bytes).
    Removing sysctl.o(i.SysCtlMOSCConfigSet), (12 bytes).
    Removing sysctl.o(i.SysCtlNMIClear), (16 bytes).
    Removing sysctl.o(i.SysCtlNMIStatus), (12 bytes).
    Removing sysctl.o(i.SysCtlPIOSCCalibrate), (76 bytes).
    Removing sysctl.o(i.SysCtlPWMClockGet), (24 bytes).
    Removing sysctl.o(i.SysCtlPWMClockSet), (20 bytes).
    Removing sysctl.o(i.SysCtlPeripheralClockGating), (68 bytes).
    Removing sysctl.o(i.SysCtlPeripheralDeepSleepDisable), (40 bytes).
    Removing sysctl.o(i.SysCtlPeripheralDeepSleepEnable), (40 bytes).
    Removing sysctl.o(i.SysCtlPeripheralDisable), (40 bytes).
    Removing sysctl.o(i.SysCtlPeripheralPowerOff), (40 bytes).
    Removing sysctl.o(i.SysCtlPeripheralPowerOn), (40 bytes).
    Removing sysctl.o(i.SysCtlPeripheralPresent), (44 bytes).
    Removing sysctl.o(i.SysCtlPeripheralReset), (60 bytes).
    Removing sysctl.o(i.SysCtlPeripheralSleepDisable), (40 bytes).
    Removing sysctl.o(i.SysCtlPeripheralSleepEnable), (40 bytes).
    Removing sysctl.o(i.SysCtlReset), (16 bytes).
    Removing sysctl.o(i.SysCtlResetBehaviorGet), (12 bytes).
    Removing sysctl.o(i.SysCtlResetBehaviorSet), (12 bytes).
    Removing sysctl.o(i.SysCtlResetCauseClear), (16 bytes).
    Removing sysctl.o(i.SysCtlResetCauseGet), (12 bytes).
    Removing sysctl.o(i.SysCtlSRAMSizeGet), (16 bytes).
    Removing sysctl.o(i.SysCtlSleep), (4 bytes).
    Removing sysctl.o(i.SysCtlSleepPowerSet), (12 bytes).
    Removing sysctl.o(i.SysCtlUSBPLLDisable), (16 bytes).
    Removing sysctl.o(i.SysCtlUSBPLLEnable), (16 bytes).
    Removing sysctl.o(i.SysCtlVCOGet), (120 bytes).
    Removing sysctl.o(i.SysCtlVoltageEventClear), (16 bytes).
    Removing sysctl.o(i.SysCtlVoltageEventConfig), (12 bytes).
    Removing sysctl.o(i.SysCtlVoltageEventStatus), (12 bytes).
    Removing sysctl.o(.constdata), (596 bytes).
    Removing context.o(i.GrContextClipRegionSet), (112 bytes).
    Removing context.o(i.GrContextInit), (100 bytes).
    Removing context.o(i.GrLibInit), (12 bytes).
    Removing context.o(.constdata), (16 bytes).
    Removing context.o(.data), (4 bytes).
    Removing fontcmss18b.o(.constdata), (1922 bytes).
    Removing fontcmss18b.o(.constdata), (200 bytes).
    Removing image.o(i.GrImageDraw), (24 bytes).
    Removing image.o(i.GrTransparentImageDraw), (22 bytes).
    Removing image.o(i.InternalImageDraw), (896 bytes).
    Removing image.o(i.PixelTransparentDraw), (662 bytes).
    Removing image.o(.bss), (32 bytes).
    Removing string.o(i.GrCodepageMapTableSet), (10 bytes).
    Removing string.o(i.GrContextFontSet), (6 bytes).
    Removing string.o(i.GrDefaultStringRenderer), (280 bytes).
    Removing string.o(i.GrFontBaselineGet), (44 bytes).
    Removing string.o(i.GrFontBlockCodepointsGet), (84 bytes).
    Removing string.o(i.GrFontCodepageGet), (32 bytes).
    Removing string.o(i.GrFontGlyphDataGet), (166 bytes).
    Removing string.o(i.GrFontGlyphRender), (646 bytes).
    Removing string.o(i.GrFontHeightGet), (44 bytes).
    Removing string.o(i.GrFontInfoGet), (48 bytes).
    Removing string.o(i.GrFontMaxWidthGet), (44 bytes).
    Removing string.o(i.GrFontNumBlocksGet), (32 bytes).
    Removing string.o(i.GrStringCodepageSet), (6 bytes).
    Removing string.o(i.GrStringDraw), (32 bytes).
    Removing string.o(i.GrStringGet), (596 bytes).
    Removing string.o(i.GrStringLanguageSet), (48 bytes).
    Removing string.o(i.GrStringNextCharGet), (52 bytes).
    Removing string.o(i.GrStringTableSet), (36 bytes).
    Removing string.o(i.GrStringWidthGet), (192 bytes).
    Removing string.o(i.UpdateContextCharMapping), (108 bytes).
    Removing string.o(.data), (20 bytes).
    Removing cpu.o(.emb_text), (38 bytes).
    Removing interrupt.o(i.IntDisable), (100 bytes).
    Removing interrupt.o(i.IntEnable), (100 bytes).
    Removing interrupt.o(i.IntIsEnabled), (96 bytes).
    Removing interrupt.o(i.IntMasterDisable), (14 bytes).
    Removing interrupt.o(i.IntMasterEnable), (14 bytes).
    Removing interrupt.o(i.IntPendClear), (68 bytes).
    Removing interrupt.o(i.IntPendSet), (84 bytes).
    Removing interrupt.o(i.IntPriorityGet), (28 bytes).
    Removing interrupt.o(i.IntPriorityGroupingGet), (36 bytes).
    Removing interrupt.o(i.IntPriorityGroupingSet), (28 bytes).
    Removing interrupt.o(i.IntPriorityMaskGet), (4 bytes).
    Removing interrupt.o(i.IntPriorityMaskSet), (4 bytes).
    Removing interrupt.o(i.IntPrioritySet), (40 bytes).
    Removing interrupt.o(i.IntRegister), (52 bytes).
    Removing interrupt.o(i.IntTrigger), (12 bytes).
    Removing interrupt.o(i.IntUnregister), (20 bytes).
    Removing interrupt.o(i._IntDefaultHandler), (2 bytes).
    Removing interrupt.o(.constdata), (268 bytes).
    Removing interrupt.o(vtable), (620 bytes).
    Removing charmap.o(i.GrMapISO8859_10_Unicode), (32 bytes).
    Removing charmap.o(i.GrMapISO8859_11_Unicode), (16 bytes).
    Removing charmap.o(i.GrMapISO8859_13_Unicode), (32 bytes).
    Removing charmap.o(i.GrMapISO8859_14_Unicode), (96 bytes).
    Removing charmap.o(i.GrMapISO8859_15_Unicode), (88 bytes).
    Removing charmap.o(i.GrMapISO8859_16_Unicode), (32 bytes).
    Removing charmap.o(i.GrMapISO8859_1_Unicode), (8 bytes).
    Removing charmap.o(i.GrMapISO8859_2_Unicode), (32 bytes).
    Removing charmap.o(i.GrMapISO8859_3_Unicode), (32 bytes).
    Removing charmap.o(i.GrMapISO8859_4_Unicode), (32 bytes).
    Removing charmap.o(i.GrMapISO8859_5_Unicode), (16 bytes).
    Removing charmap.o(i.GrMapISO8859_6_Unicode), (22 bytes).
    Removing charmap.o(i.GrMapISO8859_7_Unicode), (44 bytes).
    Removing charmap.o(i.GrMapISO8859_8_Unicode), (38 bytes).
    Removing charmap.o(i.GrMapISO8859_9_Unicode), (68 bytes).
    Removing charmap.o(i.GrMapUTF16BE_Unicode), (6 bytes).
    Removing charmap.o(i.GrMapUTF16LE_Unicode), (6 bytes).
    Removing charmap.o(i.GrMapUTF16_Unicode), (120 bytes).
    Removing charmap.o(i.GrMapUTF8_Unicode), (146 bytes).
    Removing charmap.o(i.GrMapUnicode_Unicode), (22 bytes).
    Removing charmap.o(i.GrMapWIN1250_Unicode), (32 bytes).
    Removing charmap.o(i.GrMapWIN1251_Unicode), (48 bytes).
    Removing charmap.o(i.GrMapWIN1252_Unicode), (40 bytes).
    Removing charmap.o(i.GrMapWIN1253_Unicode), (48 bytes).
    Removing charmap.o(i.GrMapWIN1254_Unicode), (96 bytes).
    Removing charmap.o(.constdata), (1900 bytes).

249 unused section(s) (total 33490 bytes) removed from the image.

==============================================================================

Image Symbol Table

    Local Symbols

    Symbol Name                              Value     Ov Type        Size  Object(Section)

    RESET                                    0x00000000   Section      648  startup_rvmdk.o(RESET)
    ../clib/microlib/division.c              0x00000000   Number         0  uldiv.o ABSOLUTE
    ../clib/microlib/division.c              0x00000000   Number         0  uidiv.o ABSOLUTE
    ../clib/microlib/init/entry.s            0x00000000   Number         0  entry11b.o ABSOLUTE
    ../clib/microlib/init/entry.s            0x00000000   Number         0  entry12b.o ABSOLUTE
    ../clib/microlib/init/entry.s            0x00000000   Number         0  entry9a.o ABSOLUTE
    ../clib/microlib/init/entry.s            0x00000000   Number         0  entry7b.o ABSOLUTE
    ../clib/microlib/init/entry.s            0x00000000   Number         0  entry2.o ABSOLUTE
    ../clib/microlib/init/entry.s            0x00000000   Number         0  entry10a.o ABSOLUTE
    ../clib/microlib/init/entry.s            0x00000000   Number         0  entry12a.o ABSOLUTE
    ../clib/microlib/init/entry.s            0x00000000   Number         0  entry.o ABSOLUTE
    ../clib/microlib/init/entry.s            0x00000000   Number         0  entry5.o ABSOLUTE
    ../clib/microlib/init/entry.s            0x00000000   Number         0  entry7a.o ABSOLUTE
    ../clib/microlib/init/entry.s            0x00000000   Number         0  entry8a.o ABSOLUTE
    ../clib/microlib/init/entry.s            0x00000000   Number         0  entry11a.o ABSOLUTE
    ../clib/microlib/init/entry.s            0x00000000   Number         0  entry9b.o ABSOLUTE
    ../clib/microlib/init/entry.s            0x00000000   Number         0  entry8b.o ABSOLUTE
    ../clib/microlib/init/entry.s            0x00000000   Number         0  entry10b.o ABSOLUTE
    ../clib/microlib/longlong.c              0x00000000   Number         0  llushr.o ABSOLUTE
    ../clib/microlib/longlong.c              0x00000000   Number         0  llshl.o ABSOLUTE
    ../clib/microlib/longlong.c              0x00000000   Number         0  llsshr.o ABSOLUTE
    ../clib/microlib/printf/printf.c         0x00000000   Number         0  printf2.o ABSOLUTE
    ../clib/microlib/printf/printf.c         0x00000000   Number         0  printf1.o ABSOLUTE
    ../clib/microlib/printf/printf.c         0x00000000   Number         0  printf0.o ABSOLUTE
    ../clib/microlib/printf/printf.c         0x00000000   Number         0  printfb.o ABSOLUTE
    ../clib/microlib/printf/printf.c         0x00000000   Number         0  printfa.o ABSOLUTE
    ../clib/microlib/printf/printf.c         0x00000000   Number         0  printf8.o ABSOLUTE
    ../clib/microlib/printf/printf.c         0x00000000   Number         0  printf7.o ABSOLUTE
    ../clib/microlib/printf/printf.c         0x00000000   Number         0  printf6.o ABSOLUTE
    ../clib/microlib/printf/printf.c         0x00000000   Number         0  printf4.o ABSOLUTE
    ../clib/microlib/printf/printf.c         0x00000000   Number         0  printf5.o ABSOLUTE
    ../clib/microlib/printf/printf.c         0x00000000   Number         0  printf3.o ABSOLUTE
    ../clib/microlib/printf/stubs.s          0x00000000   Number         0  stubs.o ABSOLUTE
    ../clib/microlib/stdio/fputc.c           0x00000000   Number         0  fputc.o ABSOLUTE
    ../clib/microlib/stdio/semi.s            0x00000000   Number         0  semi.o ABSOLUTE
    ../clib/microlib/stdio/streams.c         0x00000000   Number         0  stdout.o ABSOLUTE
    ../clib/microlib/string/strtok.c         0x00000000   Number         0  strtok_r.o ABSOLUTE
    ../clib/microlib/string/strtok.c         0x00000000   Number         0  strtok.o ABSOLUTE
    ../clib/microlib/stubs.s                 0x00000000   Number         0  iusefp.o ABSOLUTE
    ../clib/microlib/stubs.s                 0x00000000   Number         0  iusesemip.o ABSOLUTE
    ../fplib/microlib/fpadd.c                0x00000000   Number         0  dadd.o ABSOLUTE
    ../fplib/microlib/fpdiv.c                0x00000000   Number         0  ddiv.o ABSOLUTE
    ../fplib/microlib/fpepilogue.c           0x00000000   Number         0  depilogue.o ABSOLUTE
    ../fplib/microlib/fpfix.c                0x00000000   Number         0  dfixul.o ABSOLUTE
    ../fplib/microlib/fpmul.c                0x00000000   Number         0  dmul.o ABSOLUTE
    Startup\startup_rvmdk.S                  0x00000000   Number         0  startup_rvmdk.o ABSOLUTE
    TivaWare\utils\ustdlib.c                 0x00000000   Number         0  ustdlib.o ABSOLUTE
    cdrcmple.s                               0x00000000   Number         0  cdrcmple.o ABSOLUTE
    charmap.c                                0x00000000   Number         0  charmap.o ABSOLUTE
    context.c                                0x00000000   Number         0  context.o ABSOLUTE
    cpu.c                                    0x00000000   Number         0  cpu.o ABSOLUTE
    cpu.c                                    0x00000000   Number         0  cpu.o ABSOLUTE
    dc.s                                     0x00000000   Number         0  dc.o ABSOLUTE
    drivers\Kentec320x240x16_ssd2119_spi.c   0x00000000   Number         0  kentec320x240x16_ssd2119_spi.o ABSOLUTE
    drivers\frame.c                          0x00000000   Number         0  frame.o ABSOLUTE
    fonts\fontcmss18b.c                      0x00000000   Number         0  fontcmss18b.o ABSOLUTE
    fpu.c                                    0x00000000   Number         0  fpu.o ABSOLUTE
    gpio.c                                   0x00000000   Number         0  gpio.o ABSOLUTE
    handlers.s                               0x00000000   Number         0  handlers.o ABSOLUTE
    image.c                                  0x00000000   Number         0  image.o ABSOLUTE
    init.s                                   0x00000000   Number         0  init.o ABSOLUTE
    interrupt.c                              0x00000000   Number         0  interrupt.o ABSOLUTE
    sources\fontview.c                       0x00000000   Number         0  fontview.o ABSOLUTE
    sources\funcs.c                          0x00000000   Number         0  funcs.o ABSOLUTE
    sources\timercmd.c                       0x00000000   Number         0  timercmd.o ABSOLUTE
    ssi.c                                    0x00000000   Number         0  ssi.o ABSOLUTE
    string.c                                 0x00000000   Number         0  string.o ABSOLUTE
    sysctl.c                                 0x00000000   Number         0  sysctl.o ABSOLUTE
    sysctl.c                                 0x00000000   Number         0  sysctl.o ABSOLUTE
    $v0                                      0x0000026c   Number         0  startup_rvmdk.o(RESET)
    NmiSR                                    0x00000281   Thumb Code     0  startup_rvmdk.o(RESET)
    FaultISR                                 0x00000283   Thumb Code     0  startup_rvmdk.o(RESET)
    IntDefaultHandler                        0x00000285   Thumb Code     0  startup_rvmdk.o(RESET)
    .ARM.Collect$$$$00000000                 0x00000288   Section        0  entry.o(.ARM.Collect$$$$00000000)
    .ARM.Collect$$$$00000001                 0x00000288   Section        4  entry2.o(.ARM.Collect$$$$00000001)
    .ARM.Collect$$$$00000004                 0x0000028c   Section        4  entry5.o(.ARM.Collect$$$$00000004)
    .ARM.Collect$$$$00000008                 0x00000290   Section        0  entry7b.o(.ARM.Collect$$$$00000008)
    .ARM.Collect$$$$0000000A                 0x00000290   Section        0  entry8b.o(.ARM.Collect$$$$0000000A)
    .ARM.Collect$$$$0000000B                 0x00000290   Section        8  entry9a.o(.ARM.Collect$$$$0000000B)
    .ARM.Collect$$$$0000000E                 0x00000298   Section        4  entry12b.o(.ARM.Collect$$$$0000000E)
    .ARM.Collect$$$$0000000F                 0x0000029c   Section        0  entry10a.o(.ARM.Collect$$$$0000000F)
    .ARM.Collect$$$$00000011                 0x0000029c   Section        0  entry11a.o(.ARM.Collect$$$$00000011)
    .ARM.Collect$$$$00002712                 0x0000029c   Section        4  entry2.o(.ARM.Collect$$$$00002712)
    __lit__00000000                          0x0000029c   Data           4  entry2.o(.ARM.Collect$$$$00002712)
    .text                                    0x000002a0   Section        0  uidiv.o(.text)
    .text                                    0x000002cc   Section        0  uldiv.o(.text)
    .text                                    0x0000032e   Section        0  iusefp.o(.text)
    .text                                    0x0000032e   Section        0  dadd.o(.text)
    .text                                    0x0000047c   Section        0  dmul.o(.text)
    .text                                    0x00000560   Section        0  ddiv.o(.text)
    .text                                    0x0000063e   Section        0  dfixul.o(.text)
    .text                                    0x00000670   Section       48  cdrcmple.o(.text)
    .text                                    0x000006a0   Section       36  init.o(.text)
    .text                                    0x000006c4   Section        0  llshl.o(.text)
    .text                                    0x000006e2   Section        0  llushr.o(.text)
    .text                                    0x00000702   Section        0  llsshr.o(.text)
    .text                                    0x00000726   Section        0  depilogue.o(.text)
    i.FPUEnable                              0x000007e0   Section        0  fpu.o(i.FPUEnable)
    i.FPULazyStackingEnable                  0x000007f0   Section        0  fpu.o(i.FPULazyStackingEnable)
    i.GPIODirModeSet                         0x00000800   Section        0  gpio.o(i.GPIODirModeSet)
    i.GPIOPadConfigSet                       0x00000828   Section        0  gpio.o(i.GPIOPadConfigSet)
    i.GPIOPinConfigure                       0x00000960   Section        0  gpio.o(i.GPIOPinConfigure)
    i.GPIOPinRead                            0x000009a4   Section        0  gpio.o(i.GPIOPinRead)
    i.GPIOPinTypeGPIOOutput                  0x000009aa   Section        0  gpio.o(i.GPIOPinTypeGPIOOutput)
    i.GPIOPinWrite                           0x000009c6   Section        0  gpio.o(i.GPIOPinWrite)
    i.SysCtlPeripheralEnable                 0x000009cc   Section        0  sysctl.o(i.SysCtlPeripheralEnable)
    i.SysCtlPeripheralReady                  0x000009f4   Section        0  sysctl.o(i.SysCtlPeripheralReady)
    i.Timer0IntHandler                       0x00000a20   Section        0  timercmd.o(i.Timer0IntHandler)
    i.UARTSend                               0x00000a74   Section        0  fontview.o(i.UARTSend)
    i.__0sprintf                             0x00000a9c   Section        0  printfa.o(i.__0sprintf)
    i.__scatterload_copy                     0x00000ac4   Section       14  handlers.o(i.__scatterload_copy)
    i.__scatterload_null                     0x00000ad2   Section        2  handlers.o(i.__scatterload_null)
    i.__scatterload_zeroinit                 0x00000ad4   Section       14  handlers.o(i.__scatterload_zeroinit)
    i._fp_digits                             0x00000ae4   Section        0  printfa.o(i._fp_digits)
    _fp_digits                               0x00000ae5   Thumb Code   366  printfa.o(i._fp_digits)
    i._printf_core                           0x00000c68   Section        0  printfa.o(i._printf_core)
    _printf_core                             0x00000c69   Thumb Code  1704  printfa.o(i._printf_core)
    i._printf_post_padding                   0x0000131c   Section        0  printfa.o(i._printf_post_padding)
    _printf_post_padding                     0x0000131d   Thumb Code    36  printfa.o(i._printf_post_padding)
    i._printf_pre_padding                    0x00001340   Section        0  printfa.o(i._printf_pre_padding)
    _printf_pre_padding                      0x00001341   Thumb Code    46  printfa.o(i._printf_pre_padding)
    i._sputc                                 0x0000136e   Section        0  printfa.o(i._sputc)
    _sputc                                   0x0000136f   Thumb Code    10  printfa.o(i._sputc)
    i.main                                   0x00001378   Section        0  fontview.o(i.main)
    .constdata                               0x00001558   Section      552  gpio.o(.constdata)
    g_ppui32GPIOIntMapBlizzard               0x00001558   Data         192  gpio.o(.constdata)
    g_ppui32GPIOIntMapSnowflake              0x00001618   Data         216  gpio.o(.constdata)
    g_pui32GPIOBaseAddrs                     0x000016f0   Data         144  gpio.o(.constdata)
    .data                                    0x20000000   Section        4  timercmd.o(.data)
    tickCount                                0x20000000   Data           4  timercmd.o(.data)
    STACK                                    0x20000008   Section      512  startup_rvmdk.o(STACK)
    StackMem                                 0x20000008   Data           0  startup_rvmdk.o(STACK)

    Global Symbols

    Symbol Name                              Value     Ov Type        Size  Object(Section)

    BuildAttributes$$THM_ISAv4$E$P$D$K$B$S$7EM$VFPi3$EXTD16$VFPS$VFMA$PE$A:L22UL41UL21$X:L11$S22US41US21$IEEE1$IW$USESV6$~STKCKD$USESV7$~SHL$OTIME$ROPI$EBA8$MICROLIB$REQ8$PRES8$EABIv2 0x00000000   Number         0  anon$$obj.o ABSOLUTE
    __ARM_use_no_argv                        0x00000000   Number         0  fontview.o ABSOLUTE
    __Vectors                                0x00000000   Data           0  startup_rvmdk.o(RESET)
    _printf_a                                0x00000000   Number         0  stubs.o ABSOLUTE
    _printf_c                                0x00000000   Number         0  stubs.o ABSOLUTE
    _printf_charcount                        0x00000000   Number         0  stubs.o ABSOLUTE
    _printf_d                                0x00000000   Number         0  stubs.o ABSOLUTE
    _printf_e                                0x00000000   Number         0  stubs.o ABSOLUTE
    _printf_f                                0x00000000   Number         0  stubs.o ABSOLUTE
    _printf_flags                            0x00000000   Number         0  stubs.o ABSOLUTE
    _printf_fp_dec                           0x00000000   Number         0  stubs.o ABSOLUTE
    _printf_fp_hex                           0x00000000   Number         0  stubs.o ABSOLUTE
    _printf_g                                0x00000000   Number         0  stubs.o ABSOLUTE
    _printf_i                                0x00000000   Number         0  stubs.o ABSOLUTE
    _printf_int_dec                          0x00000000   Number         0  stubs.o ABSOLUTE
    _printf_l                                0x00000000   Number         0  stubs.o ABSOLUTE
    _printf_lc                               0x00000000   Number         0  stubs.o ABSOLUTE
    _printf_ll                               0x00000000   Number         0  stubs.o ABSOLUTE
    _printf_lld                              0x00000000   Number         0  stubs.o ABSOLUTE
    _printf_lli                              0x00000000   Number         0  stubs.o ABSOLUTE
    _printf_llo                              0x00000000   Number         0  stubs.o ABSOLUTE
    _printf_llu                              0x00000000   Number         0  stubs.o ABSOLUTE
    _printf_llx                              0x00000000   Number         0  stubs.o ABSOLUTE
    _printf_longlong_dec                     0x00000000   Number         0  stubs.o ABSOLUTE
    _printf_longlong_hex                     0x00000000   Number         0  stubs.o ABSOLUTE
    _printf_longlong_oct                     0x00000000   Number         0  stubs.o ABSOLUTE
    _printf_ls                               0x00000000   Number         0  stubs.o ABSOLUTE
    _printf_mbtowc                           0x00000000   Number         0  stubs.o ABSOLUTE
    _printf_n                                0x00000000   Number         0  stubs.o ABSOLUTE
    _printf_o                                0x00000000   Number         0  stubs.o ABSOLUTE
    _printf_p                                0x00000000   Number         0  stubs.o ABSOLUTE
    _printf_percent                          0x00000000   Number         0  stubs.o ABSOLUTE
    _printf_pre_padding                      0x00000000   Number         0  stubs.o ABSOLUTE
    _printf_return_value                     0x00000000   Number         0  stubs.o ABSOLUTE
    _printf_s                                0x00000000   Number         0  stubs.o ABSOLUTE
    _printf_sizespec                         0x00000000   Number         0  stubs.o ABSOLUTE
    _printf_str                              0x00000000   Number         0  stubs.o ABSOLUTE
    _printf_truncate_signed                  0x00000000   Number         0  stubs.o ABSOLUTE
    _printf_truncate_unsigned                0x00000000   Number         0  stubs.o ABSOLUTE
    _printf_u                                0x00000000   Number         0  stubs.o ABSOLUTE
    _printf_wc                               0x00000000   Number         0  stubs.o ABSOLUTE
    _printf_wctomb                           0x00000000   Number         0  stubs.o ABSOLUTE
    _printf_widthprec                        0x00000000   Number         0  stubs.o ABSOLUTE
    _printf_x                                0x00000000   Number         0  stubs.o ABSOLUTE
    __arm_fini_                               - Undefined Weak Reference
    __cpp_initialize__aeabi_                  - Undefined Weak Reference
    __cxa_finalize                            - Undefined Weak Reference
    __decompress                              - Undefined Weak Reference
    _clock_init                               - Undefined Weak Reference
    _microlib_exit                            - Undefined Weak Reference
    Reset_Handler                            0x0000026d   Thumb Code     0  startup_rvmdk.o(RESET)
    __main                                   0x00000289   Thumb Code     0  entry.o(.ARM.Collect$$$$00000000)
    _main_stk                                0x00000289   Thumb Code     0  entry2.o(.ARM.Collect$$$$00000001)
    _main_scatterload                        0x0000028d   Thumb Code     0  entry5.o(.ARM.Collect$$$$00000004)
    __main_after_scatterload                 0x00000291   Thumb Code     0  entry5.o(.ARM.Collect$$$$00000004)
    _main_clock                              0x00000291   Thumb Code     0  entry7b.o(.ARM.Collect$$$$00000008)
    _main_cpp_init                           0x00000291   Thumb Code     0  entry8b.o(.ARM.Collect$$$$0000000A)
    _main_init                               0x00000291   Thumb Code     0  entry9a.o(.ARM.Collect$$$$0000000B)
    __rt_lib_shutdown_fini                   0x00000299   Thumb Code     0  entry12b.o(.ARM.Collect$$$$0000000E)
    __rt_final_cpp                           0x0000029d   Thumb Code     0  entry10a.o(.ARM.Collect$$$$0000000F)
    __rt_final_exit                          0x0000029d   Thumb Code     0  entry11a.o(.ARM.Collect$$$$00000011)
    __aeabi_uidiv                            0x000002a1   Thumb Code     0  uidiv.o(.text)
    __aeabi_uidivmod                         0x000002a1   Thumb Code    44  uidiv.o(.text)
    __aeabi_uldivmod                         0x000002cd   Thumb Code    98  uldiv.o(.text)
    __I$use$fp                               0x0000032f   Thumb Code     0  iusefp.o(.text)
    __aeabi_dadd                             0x0000032f   Thumb Code   322  dadd.o(.text)
    __aeabi_dsub                             0x00000471   Thumb Code     6  dadd.o(.text)
    __aeabi_drsub                            0x00000477   Thumb Code     6  dadd.o(.text)
    __aeabi_dmul                             0x0000047d   Thumb Code   228  dmul.o(.text)
    __aeabi_ddiv                             0x00000561   Thumb Code   222  ddiv.o(.text)
    __aeabi_d2ulz                            0x0000063f   Thumb Code    48  dfixul.o(.text)
    __aeabi_cdrcmple                         0x00000671   Thumb Code    48  cdrcmple.o(.text)
    __scatterload                            0x000006a1   Thumb Code    28  init.o(.text)
    __scatterload_rt2                        0x000006a1   Thumb Code     0  init.o(.text)
    __aeabi_llsl                             0x000006c5   Thumb Code    30  llshl.o(.text)
    _ll_shift_l                              0x000006c5   Thumb Code     0  llshl.o(.text)
    __aeabi_llsr                             0x000006e3   Thumb Code    32  llushr.o(.text)
    _ll_ushift_r                             0x000006e3   Thumb Code     0  llushr.o(.text)
    __aeabi_lasr                             0x00000703   Thumb Code    36  llsshr.o(.text)
    _ll_sshift_r                             0x00000703   Thumb Code     0  llsshr.o(.text)
    _double_round                            0x00000727   Thumb Code    30  depilogue.o(.text)
    _double_epilogue                         0x00000745   Thumb Code   156  depilogue.o(.text)
    FPUEnable                                0x000007e1   Thumb Code    12  fpu.o(i.FPUEnable)
    FPULazyStackingEnable                    0x000007f1   Thumb Code    12  fpu.o(i.FPULazyStackingEnable)
    GPIODirModeSet                           0x00000801   Thumb Code    40  gpio.o(i.GPIODirModeSet)
    GPIOPadConfigSet                         0x00000829   Thumb Code   312  gpio.o(i.GPIOPadConfigSet)
    GPIOPinConfigure                         0x00000961   Thumb Code    60  gpio.o(i.GPIOPinConfigure)
    GPIOPinRead                              0x000009a5   Thumb Code     6  gpio.o(i.GPIOPinRead)
    GPIOPinTypeGPIOOutput                    0x000009ab   Thumb Code    28  gpio.o(i.GPIOPinTypeGPIOOutput)
    GPIOPinWrite                             0x000009c7   Thumb Code     6  gpio.o(i.GPIOPinWrite)
    SysCtlPeripheralEnable                   0x000009cd   Thumb Code    36  sysctl.o(i.SysCtlPeripheralEnable)
    SysCtlPeripheralReady                    0x000009f5   Thumb Code    40  sysctl.o(i.SysCtlPeripheralReady)
    Timer0IntHandler                         0x00000a21   Thumb Code    70  timercmd.o(i.Timer0IntHandler)
    UARTSend                                 0x00000a75   Thumb Code    36  fontview.o(i.UARTSend)
    __0sprintf                               0x00000a9d   Thumb Code    34  printfa.o(i.__0sprintf)
    __1sprintf                               0x00000a9d   Thumb Code     0  printfa.o(i.__0sprintf)
    __2sprintf                               0x00000a9d   Thumb Code     0  printfa.o(i.__0sprintf)
    __c89sprintf                             0x00000a9d   Thumb Code     0  printfa.o(i.__0sprintf)
    sprintf                                  0x00000a9d   Thumb Code     0  printfa.o(i.__0sprintf)
    __scatterload_copy                       0x00000ac5   Thumb Code    14  handlers.o(i.__scatterload_copy)
    __scatterload_null                       0x00000ad3   Thumb Code     2  handlers.o(i.__scatterload_null)
    __scatterload_zeroinit                   0x00000ad5   Thumb Code    14  handlers.o(i.__scatterload_zeroinit)
    main                                     0x00001379   Thumb Code   408  fontview.o(i.main)
    Region$$Table$$Base                      0x00001780   Number         0  anon$$obj.o(Region$$Table)
    Region$$Table$$Limit                     0x000017a0   Number         0  anon$$obj.o(Region$$Table)
    __initial_sp                             0x20000208   Data           0  startup_rvmdk.o(STACK)



==============================================================================

Memory Map of the image

  Image Entry point : 0x0000026d

  Load Region LR_IROM (Base: 0x00000000, Size: 0x000017a4, Max: 0x00040000, ABSOLUTE)

    Execution Region ER_IROM (Exec base: 0x00000000, Load base: 0x00000000, Size: 0x000017a0, Max: 0x00040000, ABSOLUTE)

    Exec Addr    Load Addr    Size         Type   Attr      Idx    E Section Name        Object

    0x00000000   0x00000000   0x00000288   Code   RO            3  * RESET               startup_rvmdk.o
    0x00000288   0x00000288   0x00000000   Code   RO         1759  * .ARM.Collect$$$$00000000  mc_w.l(entry.o)
    0x00000288   0x00000288   0x00000004   Code   RO         2029    .ARM.Collect$$$$00000001  mc_w.l(entry2.o)
    0x0000028c   0x0000028c   0x00000004   Code   RO         2032    .ARM.Collect$$$$00000004  mc_w.l(entry5.o)
    0x00000290   0x00000290   0x00000000   Code   RO         2034    .ARM.Collect$$$$00000008  mc_w.l(entry7b.o)
    0x00000290   0x00000290   0x00000000   Code   RO         2036    .ARM.Collect$$$$0000000A  mc_w.l(entry8b.o)
    0x00000290   0x00000290   0x00000008   Code   RO         2037    .ARM.Collect$$$$0000000B  mc_w.l(entry9a.o)
    0x00000298   0x00000298   0x00000004   Code   RO         2044    .ARM.Collect$$$$0000000E  mc_w.l(entry12b.o)
    0x0000029c   0x0000029c   0x00000000   Code   RO         2039    .ARM.Collect$$$$0000000F  mc_w.l(entry10a.o)
    0x0000029c   0x0000029c   0x00000000   Code   RO         2041    .ARM.Collect$$$$00000011  mc_w.l(entry11a.o)
    0x0000029c   0x0000029c   0x00000004   Code   RO         2030    .ARM.Collect$$$$00002712  mc_w.l(entry2.o)
    0x000002a0   0x000002a0   0x0000002c   Code   RO         2048    .text               mc_w.l(uidiv.o)
    0x000002cc   0x000002cc   0x00000062   Code   RO         2050    .text               mc_w.l(uldiv.o)
    0x0000032e   0x0000032e   0x00000000   Code   RO         2052    .text               mc_w.l(iusefp.o)
    0x0000032e   0x0000032e   0x0000014e   Code   RO         2053    .text               mf_w.l(dadd.o)
    0x0000047c   0x0000047c   0x000000e4   Code   RO         2055    .text               mf_w.l(dmul.o)
    0x00000560   0x00000560   0x000000de   Code   RO         2057    .text               mf_w.l(ddiv.o)
    0x0000063e   0x0000063e   0x00000030   Code   RO         2059    .text               mf_w.l(dfixul.o)
    0x0000066e   0x0000066e   0x00000002   PAD
    0x00000670   0x00000670   0x00000030   Code   RO         2061    .text               mf_w.l(cdrcmple.o)
    0x000006a0   0x000006a0   0x00000024   Code   RO         2063    .text               mc_w.l(init.o)
    0x000006c4   0x000006c4   0x0000001e   Code   RO         2066    .text               mc_w.l(llshl.o)
    0x000006e2   0x000006e2   0x00000020   Code   RO         2068    .text               mc_w.l(llushr.o)
    0x00000702   0x00000702   0x00000024   Code   RO         2070    .text               mc_w.l(llsshr.o)
    0x00000726   0x00000726   0x000000ba   Code   RO         2073    .text               mf_w.l(depilogue.o)
    0x000007e0   0x000007e0   0x00000010   Code   RO          375    i.FPUEnable         driverlib.lib(fpu.o)
    0x000007f0   0x000007f0   0x00000010   Code   RO          378    i.FPULazyStackingEnable  driverlib.lib(fpu.o)
    0x00000800   0x00000800   0x00000028   Code   RO          451    i.GPIODirModeSet    driverlib.lib(gpio.o)
    0x00000828   0x00000828   0x00000138   Code   RO          463    i.GPIOPadConfigSet  driverlib.lib(gpio.o)
    0x00000960   0x00000960   0x00000044   Code   RO          464    i.GPIOPinConfigure  driverlib.lib(gpio.o)
    0x000009a4   0x000009a4   0x00000006   Code   RO          465    i.GPIOPinRead       driverlib.lib(gpio.o)
    0x000009aa   0x000009aa   0x0000001c   Code   RO          475    i.GPIOPinTypeGPIOOutput  driverlib.lib(gpio.o)
    0x000009c6   0x000009c6   0x00000006   Code   RO          493    i.GPIOPinWrite      driverlib.lib(gpio.o)
    0x000009cc   0x000009cc   0x00000028   Code   RO          957    i.SysCtlPeripheralEnable  driverlib.lib(sysctl.o)
    0x000009f4   0x000009f4   0x0000002c   Code   RO          961    i.SysCtlPeripheralReady  driverlib.lib(sysctl.o)
    0x00000a20   0x00000a20   0x00000054   Code   RO           58    i.Timer0IntHandler  timercmd.o
    0x00000a74   0x00000a74   0x00000028   Code   RO          308    i.UARTSend          fontview.o
    0x00000a9c   0x00000a9c   0x00000028   Code   RO         2003    i.__0sprintf        mc_w.l(printfa.o)
    0x00000ac4   0x00000ac4   0x0000000e   Code   RO         2077    i.__scatterload_copy  mc_w.l(handlers.o)
    0x00000ad2   0x00000ad2   0x00000002   Code   RO         2078    i.__scatterload_null  mc_w.l(handlers.o)
    0x00000ad4   0x00000ad4   0x0000000e   Code   RO         2079    i.__scatterload_zeroinit  mc_w.l(handlers.o)
    0x00000ae2   0x00000ae2   0x00000002   PAD
    0x00000ae4   0x00000ae4   0x00000184   Code   RO         2008    i._fp_digits        mc_w.l(printfa.o)
    0x00000c68   0x00000c68   0x000006b4   Code   RO         2009    i._printf_core      mc_w.l(printfa.o)
    0x0000131c   0x0000131c   0x00000024   Code   RO         2010    i._printf_post_padding  mc_w.l(printfa.o)
    0x00001340   0x00001340   0x0000002e   Code   RO         2011    i._printf_pre_padding  mc_w.l(printfa.o)
    0x0000136e   0x0000136e   0x0000000a   Code   RO         2013    i._sputc            mc_w.l(printfa.o)
    0x00001378   0x00001378   0x000001e0   Code   RO          309    i.main              fontview.o
    0x00001558   0x00001558   0x00000228   Data   RO          495    .constdata          driverlib.lib(gpio.o)
    0x00001780   0x00001780   0x00000020   Data   RO         2075    Region$$Table       anon$$obj.o


    Execution Region RW_IRAM (Exec base: 0x20000000, Load base: 0x000017a0, Size: 0x00000208, Max: 0x00008000, ABSOLUTE)

    Exec Addr    Load Addr    Size         Type   Attr      Idx    E Section Name        Object

    0x20000000   0x000017a0   0x00000004   Data   RW           59    .data               timercmd.o
    0x20000004   0x000017a4   0x00000004   PAD
    0x20000008        -       0x00000200   Zero   RW            1    STACK               startup_rvmdk.o


==============================================================================

Image component sizes


      Code (inc. data)   RO Data    RW Data    ZI Data      Debug   Object Name

       520         76          0          0          0      27394   fontview.o
         0          0          0          0          0       4516   funcs.o
       648        622          0          0        512        300   startup_rvmdk.o
        84         14          0          4          0        571   timercmd.o

    ----------------------------------------------------------------------
      1252        712         32          4        516      32781   Object Totals
         0          0         32          0          0          0   (incl. Generated)
         0          0          0          0          4          0   (incl. Padding)

    ----------------------------------------------------------------------

      Code (inc. data)   RO Data    RW Data    ZI Data      Debug   Library Member Name

        32          8          0          0          0       3956   fpu.o
       460          8        552          0          0       4580   gpio.o
        84          8          0          0          0       1021   sysctl.o
         0          0          0          0          0          0   entry.o
         0          0          0          0          0          0   entry10a.o
         0          0          0          0          0          0   entry11a.o
         4          0          0          0          0          0   entry12b.o
         8          4          0          0          0          0   entry2.o
         4          0          0          0          0          0   entry5.o
         0          0          0          0          0          0   entry7b.o
         0          0          0          0          0          0   entry8b.o
         8          4          0          0          0          0   entry9a.o
        30          0          0          0          0          0   handlers.o
        36          8          0          0          0         68   init.o
         0          0          0          0          0          0   iusefp.o
        30          0          0          0          0         68   llshl.o
        36          0          0          0          0         68   llsshr.o
        32          0          0          0          0         68   llushr.o
      2236         86          0          0          0        532   printfa.o
        44          0          0          0          0         80   uidiv.o
        98          0          0          0          0         92   uldiv.o
        48          0          0          0          0         68   cdrcmple.o
       334          0          0          0          0        148   dadd.o
       222          0          0          0          0        100   ddiv.o
       186          0          0          0          0        176   depilogue.o
        48          0          0          0          0         68   dfixul.o
       228          0          0          0          0         96   dmul.o

    ----------------------------------------------------------------------
      4212        126        552          0          0      11189   Library Totals
         4          0          0          0          0          0   (incl. Padding)

    ----------------------------------------------------------------------

      Code (inc. data)   RO Data    RW Data    ZI Data      Debug   Library Name

       576         24        552          0          0       9557   driverlib.lib
      2566        102          0          0          0        976   mc_w.l
      1066          0          0          0          0        656   mf_w.l

    ----------------------------------------------------------------------
      4212        126        552          0          0      11189   Library Totals

    ----------------------------------------------------------------------

==============================================================================


      Code (inc. data)   RO Data    RW Data    ZI Data      Debug   

      5464        838        584          4        516      42542   Grand Totals
      5464        838        584          4        516      42542   ELF Image Totals
      5464        838        584          4          0          0   ROM Totals

==============================================================================

    Total RO  Size (Code + RO Data)                 6048 (   5.91kB)
    Total RW  Size (RW Data + ZI Data)               520 (   0.51kB)
    Total ROM Size (Code + RO Data + RW Data)       6052 (   5.91kB)

==============================================================================

